main.c:129:6:CalculateValues	8	static
main.c:136:6:SendValues	8	static
main.c:150:6:HAL_ADC_ConvCpltCallback	24	static
main.c:161:6:HAL_TIM_PeriodElapsedCallback	24	static
main.c:179:5:main	8	static
main.c:265:6:SystemClock_Config	312	static
main.c:345:13:MX_ADC1_Init	48	static
main.c:410:13:MX_DAC1_Init	48	static
main.c:451:13:MX_FDCAN1_Init	8	static
main.c:514:13:MX_TIM2_Init	64	static
main.c:577:13:MX_TIM3_Init	64	static
main.c:640:13:MX_TIM4_Init	64	static
main.c:699:13:MX_TIM5_Init	64	static
main.c:758:13:MX_TIM8_Init	112	static
main.c:837:13:MX_USART3_UART_Init	8	static
main.c:876:13:MX_USB_OTG_FS_PCD_Init	8	static
main.c:913:13:MX_GPIO_Init	64	static
main.c:1029:6:StringSort	8	static
main.c:1182:6:HAL_UART_RxCpltCallback	24	static
main.c:1216:6:Error_Handler	4	static
