main.c:157:6:CalculateValues	8	static
main.c:170:6:SendValues	8	static
main.c:182:6:HAL_ADC_ConvCpltCallback	32	static
main.c:200:6:HAL_TIM_PeriodElapsedCallback	24	static
main.c:213:6:Calibrate	456	static
main.c:283:6:updatePID	24	static
main.c:298:6:SetTunings	24	static
main.c:305:6:InitialisePID	4	static
main.c:309:6:SetMode	24	static
main.c:319:6:UpdateSetpoint	8	static
main.c:329:5:main	8	static
main.c:418:6:SystemClock_Config	312	static
main.c:489:13:MX_ADC1_Init	48	static
main.c:571:13:MX_DAC1_Init	48	static
main.c:612:13:MX_TIM1_Init	112	static
main.c:691:13:MX_TIM2_Init	64	static
main.c:754:13:MX_TIM3_Init	64	static
main.c:817:13:MX_TIM4_Init	64	static
main.c:876:13:MX_TIM5_Init	64	static
main.c:939:13:MX_TIM8_Init	112	static
main.c:1018:13:MX_TIM13_Init	40	static
main.c:1063:13:MX_USART3_UART_Init	8	static
main.c:1102:13:MX_USB_OTG_FS_PCD_Init	8	static
main.c:1139:13:MX_GPIO_Init	64	static
main.c:1255:7:StringSlice	16	static
main.c:1272:6:StringSort	16	static
main.c:1436:6:HAL_UART_RxCpltCallback	24	static
main.c:1476:6:Error_Handler	4	static
