stm32h7xx_it.c:90:6:NMI_Handler	4	static
stm32h7xx_it.c:103:6:HardFault_Handler	4	static
stm32h7xx_it.c:118:6:MemManage_Handler	4	static
stm32h7xx_it.c:133:6:BusFault_Handler	4	static
stm32h7xx_it.c:148:6:UsageFault_Handler	4	static
stm32h7xx_it.c:163:6:SVC_Handler	4	static
stm32h7xx_it.c:176:6:DebugMon_Handler	4	static
stm32h7xx_it.c:189:6:PendSV_Handler	4	static
stm32h7xx_it.c:202:6:SysTick_Handler	8	static
stm32h7xx_it.c:223:6:ADC_IRQHandler	8	static
stm32h7xx_it.c:237:6:FDCAN1_IT0_IRQHandler	8	static
stm32h7xx_it.c:251:6:FDCAN1_IT1_IRQHandler	8	static
stm32h7xx_it.c:265:6:TIM3_IRQHandler	8	static
stm32h7xx_it.c:279:6:USART3_IRQHandler	8	static
stm32h7xx_it.c:293:6:TIM8_BRK_TIM12_IRQHandler	8	static
stm32h7xx_it.c:307:6:TIM8_UP_TIM13_IRQHandler	8	static
stm32h7xx_it.c:321:6:TIM8_TRG_COM_TIM14_IRQHandler	8	static
stm32h7xx_it.c:335:6:TIM8_CC_IRQHandler	8	static
stm32h7xx_it.c:349:6:TIM6_DAC_IRQHandler	8	static
stm32h7xx_it.c:363:6:FDCAN_CAL_IRQHandler	8	static
