stm32h7xx_it.c:91:6:NMI_Handler	4	static
stm32h7xx_it.c:104:6:HardFault_Handler	4	static
stm32h7xx_it.c:119:6:MemManage_Handler	4	static
stm32h7xx_it.c:134:6:BusFault_Handler	4	static
stm32h7xx_it.c:149:6:UsageFault_Handler	4	static
stm32h7xx_it.c:164:6:SVC_Handler	4	static
stm32h7xx_it.c:177:6:DebugMon_Handler	4	static
stm32h7xx_it.c:190:6:PendSV_Handler	4	static
stm32h7xx_it.c:203:6:SysTick_Handler	8	static
stm32h7xx_it.c:224:6:ADC_IRQHandler	8	static
stm32h7xx_it.c:238:6:TIM1_BRK_IRQHandler	8	static
stm32h7xx_it.c:252:6:TIM1_UP_IRQHandler	8	static
stm32h7xx_it.c:266:6:TIM1_TRG_COM_IRQHandler	8	static
stm32h7xx_it.c:280:6:TIM1_CC_IRQHandler	8	static
stm32h7xx_it.c:294:6:TIM3_IRQHandler	8	static
stm32h7xx_it.c:308:6:USART3_IRQHandler	8	static
stm32h7xx_it.c:322:6:TIM8_BRK_TIM12_IRQHandler	8	static
stm32h7xx_it.c:336:6:TIM8_UP_TIM13_IRQHandler	8	static
stm32h7xx_it.c:351:6:TIM8_TRG_COM_TIM14_IRQHandler	8	static
stm32h7xx_it.c:365:6:TIM8_CC_IRQHandler	8	static
stm32h7xx_it.c:379:6:TIM6_DAC_IRQHandler	8	static
