stm32h7xx_hal_dac.c:315:19:HAL_DAC_Init	16	static
stm32h7xx_hal_dac.c:352:19:HAL_DAC_DeInit	16	static
stm32h7xx_hal_dac.c:388:13:HAL_DAC_MspInit	16	static
stm32h7xx_hal_dac.c:403:13:HAL_DAC_MspDeInit	16	static
stm32h7xx_hal_dac.c:445:19:HAL_DAC_Start	16	static
stm32h7xx_hal_dac.c:500:19:HAL_DAC_Stop	16	static
stm32h7xx_hal_dac.c:532:19:HAL_DAC_Start_DMA	32	static
stm32h7xx_hal_dac.c:652:19:HAL_DAC_Stop_DMA	24	static
stm32h7xx_hal_dac.c:706:6:HAL_DAC_IRQHandler	16	static
stm32h7xx_hal_dac.c:768:19:HAL_DAC_SetValue	32	static
stm32h7xx_hal_dac.c:800:13:HAL_DAC_ConvCpltCallbackCh1	16	static
stm32h7xx_hal_dac.c:816:13:HAL_DAC_ConvHalfCpltCallbackCh1	16	static
stm32h7xx_hal_dac.c:832:13:HAL_DAC_ErrorCallbackCh1	16	static
stm32h7xx_hal_dac.c:848:13:HAL_DAC_DMAUnderrunCallbackCh1	16	static
stm32h7xx_hal_dac.c:888:10:HAL_DAC_GetValue	16	static
stm32h7xx_hal_dac.c:914:19:HAL_DAC_ConfigChannel	40	static
stm32h7xx_hal_dac.c:1083:22:HAL_DAC_GetState	16	static
stm32h7xx_hal_dac.c:1095:10:HAL_DAC_GetError	16	static
stm32h7xx_hal_dac.c:1119:13:DAC_DMAConvCpltCh1	24	static
stm32h7xx_hal_dac.c:1134:13:DAC_DMAHalfConvCpltCh1	24	static
stm32h7xx_hal_dac.c:1147:13:DAC_DMAErrorCh1	24	static
