Archive member included to satisfy reference by file (symbol)

c:/program files (x86)/atollic/truestudio for stm32 9.2.0/armtools/bin/../lib/gcc/arm-atollic-eabi/6.3.1/../../../../arm-atollic-eabi/lib/armv7e-m/fpu/fpv5-d16\libc_nano.a(lib_a-atoi.o)
                              Src\main.o (atoi)
c:/program files (x86)/atollic/truestudio for stm32 9.2.0/armtools/bin/../lib/gcc/arm-atollic-eabi/6.3.1/../../../../arm-atollic-eabi/lib/armv7e-m/fpu/fpv5-d16\libc_nano.a(lib_a-init.o)
                              startup\startup_stm32h743xx.o (__libc_init_array)
c:/program files (x86)/atollic/truestudio for stm32 9.2.0/armtools/bin/../lib/gcc/arm-atollic-eabi/6.3.1/../../../../arm-atollic-eabi/lib/armv7e-m/fpu/fpv5-d16\libc_nano.a(lib_a-memset.o)
                              Src\main.o (memset)
c:/program files (x86)/atollic/truestudio for stm32 9.2.0/armtools/bin/../lib/gcc/arm-atollic-eabi/6.3.1/../../../../arm-atollic-eabi/lib/armv7e-m/fpu/fpv5-d16\libc_nano.a(lib_a-strcpy.o)
                              Src\main.o (strcpy)
c:/program files (x86)/atollic/truestudio for stm32 9.2.0/armtools/bin/../lib/gcc/arm-atollic-eabi/6.3.1/../../../../arm-atollic-eabi/lib/armv7e-m/fpu/fpv5-d16\libc_nano.a(lib_a-strtol.o)
                              c:/program files (x86)/atollic/truestudio for stm32 9.2.0/armtools/bin/../lib/gcc/arm-atollic-eabi/6.3.1/../../../../arm-atollic-eabi/lib/armv7e-m/fpu/fpv5-d16\libc_nano.a(lib_a-atoi.o) (_strtol_r)
c:/program files (x86)/atollic/truestudio for stm32 9.2.0/armtools/bin/../lib/gcc/arm-atollic-eabi/6.3.1/../../../../arm-atollic-eabi/lib/armv7e-m/fpu/fpv5-d16\libc_nano.a(lib_a-impure.o)
                              c:/program files (x86)/atollic/truestudio for stm32 9.2.0/armtools/bin/../lib/gcc/arm-atollic-eabi/6.3.1/../../../../arm-atollic-eabi/lib/armv7e-m/fpu/fpv5-d16\libc_nano.a(lib_a-strtol.o) (_impure_ptr)
c:/program files (x86)/atollic/truestudio for stm32 9.2.0/armtools/bin/../lib/gcc/arm-atollic-eabi/6.3.1/../../../../arm-atollic-eabi/lib/armv7e-m/fpu/fpv5-d16\libc_nano.a(lib_a-locale.o)
                              c:/program files (x86)/atollic/truestudio for stm32 9.2.0/armtools/bin/../lib/gcc/arm-atollic-eabi/6.3.1/../../../../arm-atollic-eabi/lib/armv7e-m/fpu/fpv5-d16\libc_nano.a(lib_a-strtol.o) (__locale_ctype_ptr_l)
c:/program files (x86)/atollic/truestudio for stm32 9.2.0/armtools/bin/../lib/gcc/arm-atollic-eabi/6.3.1/../../../../arm-atollic-eabi/lib/armv7e-m/fpu/fpv5-d16\libc_nano.a(lib_a-mbtowc_r.o)
                              c:/program files (x86)/atollic/truestudio for stm32 9.2.0/armtools/bin/../lib/gcc/arm-atollic-eabi/6.3.1/../../../../arm-atollic-eabi/lib/armv7e-m/fpu/fpv5-d16\libc_nano.a(lib_a-locale.o) (__ascii_mbtowc)
c:/program files (x86)/atollic/truestudio for stm32 9.2.0/armtools/bin/../lib/gcc/arm-atollic-eabi/6.3.1/../../../../arm-atollic-eabi/lib/armv7e-m/fpu/fpv5-d16\libc_nano.a(lib_a-strcmp.o)
                              c:/program files (x86)/atollic/truestudio for stm32 9.2.0/armtools/bin/../lib/gcc/arm-atollic-eabi/6.3.1/../../../../arm-atollic-eabi/lib/armv7e-m/fpu/fpv5-d16\libc_nano.a(lib_a-locale.o) (strcmp)
c:/program files (x86)/atollic/truestudio for stm32 9.2.0/armtools/bin/../lib/gcc/arm-atollic-eabi/6.3.1/../../../../arm-atollic-eabi/lib/armv7e-m/fpu/fpv5-d16\libc_nano.a(lib_a-wctomb_r.o)
                              c:/program files (x86)/atollic/truestudio for stm32 9.2.0/armtools/bin/../lib/gcc/arm-atollic-eabi/6.3.1/../../../../arm-atollic-eabi/lib/armv7e-m/fpu/fpv5-d16\libc_nano.a(lib_a-locale.o) (__ascii_wctomb)
c:/program files (x86)/atollic/truestudio for stm32 9.2.0/armtools/bin/../lib/gcc/arm-atollic-eabi/6.3.1/../../../../arm-atollic-eabi/lib/armv7e-m/fpu/fpv5-d16\libc_nano.a(lib_a-ctype_.o)
                              c:/program files (x86)/atollic/truestudio for stm32 9.2.0/armtools/bin/../lib/gcc/arm-atollic-eabi/6.3.1/../../../../arm-atollic-eabi/lib/armv7e-m/fpu/fpv5-d16\libc_nano.a(lib_a-locale.o) (_ctype_)
c:/program files (x86)/atollic/truestudio for stm32 9.2.0/armtools/bin/../lib/gcc/arm-atollic-eabi/6.3.1/armv7e-m/fpu/fpv5-d16\libgcc.a(_aeabi_uldivmod.o)
                              Drivers\STM32H7xx_HAL_Driver\Src\stm32h7xx_hal_uart.o (__aeabi_uldivmod)
c:/program files (x86)/atollic/truestudio for stm32 9.2.0/armtools/bin/../lib/gcc/arm-atollic-eabi/6.3.1/armv7e-m/fpu/fpv5-d16\libgcc.a(_udivmoddi4.o)
                              c:/program files (x86)/atollic/truestudio for stm32 9.2.0/armtools/bin/../lib/gcc/arm-atollic-eabi/6.3.1/armv7e-m/fpu/fpv5-d16\libgcc.a(_aeabi_uldivmod.o) (__udivmoddi4)
c:/program files (x86)/atollic/truestudio for stm32 9.2.0/armtools/bin/../lib/gcc/arm-atollic-eabi/6.3.1/armv7e-m/fpu/fpv5-d16\libgcc.a(_dvmd_tls.o)
                              c:/program files (x86)/atollic/truestudio for stm32 9.2.0/armtools/bin/../lib/gcc/arm-atollic-eabi/6.3.1/armv7e-m/fpu/fpv5-d16\libgcc.a(_aeabi_uldivmod.o) (__aeabi_ldiv0)

Allocating common symbols
[...]
Memory Configuration

Name             Origin             Length             Attributes
DTCMRAM          0x20000000         0x00020000         xrw
RAM_D1           0x24000000         0x00080000         xrw
RAM_D2           0x30000000         0x00048000         xrw
RAM_D3           0x38000000         0x00010000         xrw
ITCMRAM          0x00000000         0x00010000         xrw
FLASH            0x08000000         0x00200000         xr
*default*        0x00000000         0xffffffff

Linker script and memory map

LOAD c:/program files (x86)/atollic/truestudio for stm32 9.2.0/armtools/bin/../lib/gcc/arm-atollic-eabi/6.3.1/armv7e-m/fpu/fpv5-d16/crti.o
LOAD c:/program files (x86)/atollic/truestudio for stm32 9.2.0/armtools/bin/../lib/gcc/arm-atollic-eabi/6.3.1/armv7e-m/fpu/fpv5-d16/crtbegin.o
LOAD Drivers\STM32H7xx_HAL_Driver\Src\stm32h7xx_hal.o
LOAD Drivers\STM32H7xx_HAL_Driver\Src\stm32h7xx_hal_adc.o
LOAD Drivers\STM32H7xx_HAL_Driver\Src\stm32h7xx_hal_adc_ex.o
LOAD Drivers\STM32H7xx_HAL_Driver\Src\stm32h7xx_hal_cortex.o
LOAD Drivers\STM32H7xx_HAL_Driver\Src\stm32h7xx_hal_dac.o
LOAD Drivers\STM32H7xx_HAL_Driver\Src\stm32h7xx_hal_dac_ex.o
LOAD Drivers\STM32H7xx_HAL_Driver\Src\stm32h7xx_hal_dma.o
LOAD Drivers\STM32H7xx_HAL_Driver\Src\stm32h7xx_hal_dma_ex.o
LOAD Drivers\STM32H7xx_HAL_Driver\Src\stm32h7xx_hal_fdcan.o
LOAD Drivers\STM32H7xx_HAL_Driver\Src\stm32h7xx_hal_flash.o
LOAD Drivers\STM32H7xx_HAL_Driver\Src\stm32h7xx_hal_flash_ex.o
LOAD Drivers\STM32H7xx_HAL_Driver\Src\stm32h7xx_hal_gpio.o
LOAD Drivers\STM32H7xx_HAL_Driver\Src\stm32h7xx_hal_hsem.o
LOAD Drivers\STM32H7xx_HAL_Driver\Src\stm32h7xx_hal_i2c.o
LOAD Drivers\STM32H7xx_HAL_Driver\Src\stm32h7xx_hal_i2c_ex.o
LOAD Drivers\STM32H7xx_HAL_Driver\Src\stm32h7xx_hal_mdma.o
LOAD Drivers\STM32H7xx_HAL_Driver\Src\stm32h7xx_hal_pcd.o
LOAD Drivers\STM32H7xx_HAL_Driver\Src\stm32h7xx_hal_pcd_ex.o
LOAD Drivers\STM32H7xx_HAL_Driver\Src\stm32h7xx_hal_pwr.o
LOAD Drivers\STM32H7xx_HAL_Driver\Src\stm32h7xx_hal_pwr_ex.o
LOAD Drivers\STM32H7xx_HAL_Driver\Src\stm32h7xx_hal_rcc.o
LOAD Drivers\STM32H7xx_HAL_Driver\Src\stm32h7xx_hal_rcc_ex.o
LOAD Drivers\STM32H7xx_HAL_Driver\Src\stm32h7xx_hal_tim.o
LOAD Drivers\STM32H7xx_HAL_Driver\Src\stm32h7xx_hal_tim_ex.o
LOAD Drivers\STM32H7xx_HAL_Driver\Src\stm32h7xx_hal_uart.o
LOAD Drivers\STM32H7xx_HAL_Driver\Src\stm32h7xx_hal_uart_ex.o
LOAD Drivers\STM32H7xx_HAL_Driver\Src\stm32h7xx_ll_usb.o
LOAD Src\main.o
LOAD Src\stm32h7xx_hal_msp.o
LOAD Src\stm32h7xx_it.o
LOAD Src\system_stm32h7xx.o
LOAD startup\startup_stm32h743xx.o
                0x00000080                malloc_getpagesize_P = 0x80
START GROUP
LOAD c:/program files (x86)/atollic/truestudio for stm32 9.2.0/armtools/bin/../lib/gcc/arm-atollic-eabi/6.3.1/../../../../arm-atollic-eabi/lib/armv7e-m/fpu/fpv5-d16\libc_nano.a
LOAD c:/program files (x86)/atollic/truestudio for stm32 9.2.0/armtools/bin/../lib/gcc/arm-atollic-eabi/6.3.1/../../../../arm-atollic-eabi/lib/armv7e-m/fpu/fpv5-d16\libm.a
END GROUP
START GROUP
LOAD c:/program files (x86)/atollic/truestudio for stm32 9.2.0/armtools/bin/../lib/gcc/arm-atollic-eabi/6.3.1/armv7e-m/fpu/fpv5-d16\libgcc.a
LOAD c:/program files (x86)/atollic/truestudio for stm32 9.2.0/armtools/bin/../lib/gcc/arm-atollic-eabi/6.3.1/../../../../arm-atollic-eabi/lib/armv7e-m/fpu/fpv5-d16\libc_nano.a
END GROUP
START GROUP
LOAD c:/program files (x86)/atollic/truestudio for stm32 9.2.0/armtools/bin/../lib/gcc/arm-atollic-eabi/6.3.1/armv7e-m/fpu/fpv5-d16\libgcc.a
LOAD c:/program files (x86)/atollic/truestudio for stm32 9.2.0/armtools/bin/../lib/gcc/arm-atollic-eabi/6.3.1/../../../../arm-atollic-eabi/lib/armv7e-m/fpu/fpv5-d16\libc_nano.a
LOAD c:/program files (x86)/atollic/truestudio for stm32 9.2.0/armtools/bin/../lib/gcc/arm-atollic-eabi/6.3.1/../../../../arm-atollic-eabi/lib/armv7e-m/fpu/fpv5-d16\libnosys.a
END GROUP
START GROUP
LOAD c:/program files (x86)/atollic/truestudio for stm32 9.2.0/armtools/bin/../lib/gcc/arm-atollic-eabi/6.3.1/armv7e-m/fpu/fpv5-d16\libgcc.a
LOAD c:/program files (x86)/atollic/truestudio for stm32 9.2.0/armtools/bin/../lib/gcc/arm-atollic-eabi/6.3.1/../../../../arm-atollic-eabi/lib/armv7e-m/fpu/fpv5-d16\libc_nano.a
LOAD c:/program files (x86)/atollic/truestudio for stm32 9.2.0/armtools/bin/../lib/gcc/arm-atollic-eabi/6.3.1/../../../../arm-atollic-eabi/lib/armv7e-m/fpu/fpv5-d16\libnosys.a
END GROUP
LOAD c:/program files (x86)/atollic/truestudio for stm32 9.2.0/armtools/bin/../lib/gcc/arm-atollic-eabi/6.3.1/armv7e-m/fpu/fpv5-d16/crtend.o
LOAD c:/program files (x86)/atollic/truestudio for stm32 9.2.0/armtools/bin/../lib/gcc/arm-atollic-eabi/6.3.1/armv7e-m/fpu/fpv5-d16/crtn.o
                0x20020000                _estack = 0x20020000
                0x00000200                _Min_Heap_Size = 0x200
                0x00000400                _Min_Stack_Size = 0x400

.isr_vector     0x08000000      0x298
                0x08000000                . = ALIGN (0x4)
 *(.isr_vector)
 .isr_vector    0x08000000      0x298 startup\startup_stm32h743xx.o
                0x08000000                g_pfnVectors
                0x08000298                . = ALIGN (0x4)

.text           0x08000298     0xafc0
                0x08000298                . = ALIGN (0x4)
 *(.text)
 .text          0x08000298       0x40 c:/program files (x86)/atollic/truestudio for stm32 9.2.0/armtools/bin/../lib/gcc/arm-atollic-eabi/6.3.1/armv7e-m/fpu/fpv5-d16/crtbegin.o
 .text          0x080002d8       0x30 c:/program files (x86)/atollic/truestudio for stm32 9.2.0/armtools/bin/../lib/gcc/arm-atollic-eabi/6.3.1/armv7e-m/fpu/fpv5-d16\libgcc.a(_aeabi_uldivmod.o)
                0x080002d8                __aeabi_uldivmod
 .text          0x08000308      0x2dc c:/program files (x86)/atollic/truestudio for stm32 9.2.0/armtools/bin/../lib/gcc/arm-atollic-eabi/6.3.1/armv7e-m/fpu/fpv5-d16\libgcc.a(_udivmoddi4.o)
                0x08000308                __udivmoddi4
 .text          0x080005e4        0x4 c:/program files (x86)/atollic/truestudio for stm32 9.2.0/armtools/bin/../lib/gcc/arm-atollic-eabi/6.3.1/armv7e-m/fpu/fpv5-d16\libgcc.a(_dvmd_tls.o)
                0x080005e4                __aeabi_idiv0
                0x080005e4                __aeabi_ldiv0
 *(.text*)
 .text.HAL_Init
                0x080005e8       0x24 Drivers\STM32H7xx_HAL_Driver\Src\stm32h7xx_hal.o
                0x080005e8                HAL_Init
 .text.HAL_InitTick
                0x0800060c       0x60 Drivers\STM32H7xx_HAL_Driver\Src\stm32h7xx_hal.o
                0x0800060c                HAL_InitTick
 .text.HAL_IncTick
                0x0800066c       0x28 Drivers\STM32H7xx_HAL_Driver\Src\stm32h7xx_hal.o
                0x0800066c                HAL_IncTick
 .text.HAL_GetTick
                0x08000694       0x18 Drivers\STM32H7xx_HAL_Driver\Src\stm32h7xx_hal.o
                0x08000694                HAL_GetTick
 .text.HAL_Delay
                0x080006ac       0x44 Drivers\STM32H7xx_HAL_Driver\Src\stm32h7xx_hal.o
                0x080006ac                HAL_Delay
 .text.HAL_ADC_Init
                0x080006f0      0x454 Drivers\STM32H7xx_HAL_Driver\Src\stm32h7xx_hal_adc.o
                0x080006f0                HAL_ADC_Init
 .text.HAL_ADC_Start_IT
                0x08000b44      0x280 Drivers\STM32H7xx_HAL_Driver\Src\stm32h7xx_hal_adc.o
                0x08000b44                HAL_ADC_Start_IT
 .text.HAL_ADC_GetValue
                0x08000dc4       0x1a Drivers\STM32H7xx_HAL_Driver\Src\stm32h7xx_hal_adc.o
                0x08000dc4                HAL_ADC_GetValue
 *fill*         0x08000dde        0x2 
 .text.HAL_ADC_IRQHandler
                0x08000de0      0x4e4 Drivers\STM32H7xx_HAL_Driver\Src\stm32h7xx_hal_adc.o
                0x08000de0                HAL_ADC_IRQHandler
 .text.HAL_ADC_LevelOutOfWindowCallback
                0x080012c4       0x14 Drivers\STM32H7xx_HAL_Driver\Src\stm32h7xx_hal_adc.o
                0x080012c4                HAL_ADC_LevelOutOfWindowCallback
 .text.HAL_ADC_ErrorCallback
                0x080012d8       0x14 Drivers\STM32H7xx_HAL_Driver\Src\stm32h7xx_hal_adc.o
                0x080012d8                HAL_ADC_ErrorCallback
 .text.HAL_ADC_ConfigChannel
                0x080012ec      0x9a4 Drivers\STM32H7xx_HAL_Driver\Src\stm32h7xx_hal_adc.o
                0x080012ec                HAL_ADC_ConfigChannel
 .text.ADC_Enable
                0x08001c90       0xcc Drivers\STM32H7xx_HAL_Driver\Src\stm32h7xx_hal_adc.o
                0x08001c90                ADC_Enable
 .text.HAL_ADCEx_InjectedConvCpltCallback
                0x08001d5c       0x14 Drivers\STM32H7xx_HAL_Driver\Src\stm32h7xx_hal_adc_ex.o
                0x08001d5c                HAL_ADCEx_InjectedConvCpltCallback
 .text.HAL_ADCEx_InjectedQueueOverflowCallback
                0x08001d70       0x14 Drivers\STM32H7xx_HAL_Driver\Src\stm32h7xx_hal_adc_ex.o
                0x08001d70                HAL_ADCEx_InjectedQueueOverflowCallback
 .text.HAL_ADCEx_LevelOutOfWindow2Callback
                0x08001d84       0x14 Drivers\STM32H7xx_HAL_Driver\Src\stm32h7xx_hal_adc_ex.o
                0x08001d84                HAL_ADCEx_LevelOutOfWindow2Callback
 .text.HAL_ADCEx_LevelOutOfWindow3Callback
                0x08001d98       0x14 Drivers\STM32H7xx_HAL_Driver\Src\stm32h7xx_hal_adc_ex.o
                0x08001d98                HAL_ADCEx_LevelOutOfWindow3Callback
 .text.HAL_ADCEx_EndOfSamplingCallback
                0x08001dac       0x14 Drivers\STM32H7xx_HAL_Driver\Src\stm32h7xx_hal_adc_ex.o
                0x08001dac                HAL_ADCEx_EndOfSamplingCallback
 .text.HAL_ADCEx_MultiModeConfigChannel
                0x08001dc0      0x194 Drivers\STM32H7xx_HAL_Driver\Src\stm32h7xx_hal_adc_ex.o
                0x08001dc0                HAL_ADCEx_MultiModeConfigChannel
 .text.__NVIC_SetPriorityGrouping
                0x08001f54       0x48 Drivers\STM32H7xx_HAL_Driver\Src\stm32h7xx_hal_cortex.o
 .text.__NVIC_GetPriorityGrouping
                0x08001f9c       0x1c Drivers\STM32H7xx_HAL_Driver\Src\stm32h7xx_hal_cortex.o
 .text.__NVIC_EnableIRQ
                0x08001fb8       0x3c Drivers\STM32H7xx_HAL_Driver\Src\stm32h7xx_hal_cortex.o
 .text.__NVIC_SetPriority
                0x08001ff4       0x54 Drivers\STM32H7xx_HAL_Driver\Src\stm32h7xx_hal_cortex.o
 .text.NVIC_EncodePriority
                0x08002048       0x62 Drivers\STM32H7xx_HAL_Driver\Src\stm32h7xx_hal_cortex.o
 *fill*         0x080020aa        0x2 
 .text.SysTick_Config
                0x080020ac       0x44 Drivers\STM32H7xx_HAL_Driver\Src\stm32h7xx_hal_cortex.o
 .text.HAL_NVIC_SetPriorityGrouping
                0x080020f0       0x16 Drivers\STM32H7xx_HAL_Driver\Src\stm32h7xx_hal_cortex.o
                0x080020f0                HAL_NVIC_SetPriorityGrouping
 .text.HAL_NVIC_SetPriority
                0x08002106       0x34 Drivers\STM32H7xx_HAL_Driver\Src\stm32h7xx_hal_cortex.o
                0x08002106                HAL_NVIC_SetPriority
 .text.HAL_NVIC_EnableIRQ
                0x0800213a       0x1c Drivers\STM32H7xx_HAL_Driver\Src\stm32h7xx_hal_cortex.o
                0x0800213a                HAL_NVIC_EnableIRQ
 .text.HAL_SYSTICK_Config
                0x08002156       0x18 Drivers\STM32H7xx_HAL_Driver\Src\stm32h7xx_hal_cortex.o
                0x08002156                HAL_SYSTICK_Config
 .text.HAL_DAC_Init
                0x0800216e       0x44 Drivers\STM32H7xx_HAL_Driver\Src\stm32h7xx_hal_dac.o
                0x0800216e                HAL_DAC_Init
 .text.HAL_DAC_Start
                0x080021b2       0x98 Drivers\STM32H7xx_HAL_Driver\Src\stm32h7xx_hal_dac.o
                0x080021b2                HAL_DAC_Start
 .text.HAL_DAC_IRQHandler
                0x0800224a       0xb4 Drivers\STM32H7xx_HAL_Driver\Src\stm32h7xx_hal_dac.o
                0x0800224a                HAL_DAC_IRQHandler
 .text.HAL_DAC_SetValue
                0x080022fe       0x4a Drivers\STM32H7xx_HAL_Driver\Src\stm32h7xx_hal_dac.o
                0x080022fe                HAL_DAC_SetValue
 .text.HAL_DAC_DMAUnderrunCallbackCh1
                0x08002348       0x14 Drivers\STM32H7xx_HAL_Driver\Src\stm32h7xx_hal_dac.o
                0x08002348                HAL_DAC_DMAUnderrunCallbackCh1
 .text.HAL_DAC_ConfigChannel
                0x0800235c      0x1e8 Drivers\STM32H7xx_HAL_Driver\Src\stm32h7xx_hal_dac.o
                0x0800235c                HAL_DAC_ConfigChannel
 .text.HAL_DACEx_DMAUnderrunCallbackCh2
                0x08002544       0x14 Drivers\STM32H7xx_HAL_Driver\Src\stm32h7xx_hal_dac_ex.o
                0x08002544                HAL_DACEx_DMAUnderrunCallbackCh2
 .text.HAL_DMA_Abort_IT
                0x08002558      0x158 Drivers\STM32H7xx_HAL_Driver\Src\stm32h7xx_hal_dma.o
                0x08002558                HAL_DMA_Abort_IT
 .text.HAL_FDCAN_Init
                0x080026b0      0x364 Drivers\STM32H7xx_HAL_Driver\Src\stm32h7xx_hal_fdcan.o
                0x080026b0                HAL_FDCAN_Init
 .text.HAL_FDCAN_IRQHandler
                0x08002a14      0x69c Drivers\STM32H7xx_HAL_Driver\Src\stm32h7xx_hal_fdcan.o
                0x08002a14                HAL_FDCAN_IRQHandler
 .text.HAL_FDCAN_ClockCalibrationCallback
                0x080030b0       0x16 Drivers\STM32H7xx_HAL_Driver\Src\stm32h7xx_hal_fdcan.o
                0x080030b0                HAL_FDCAN_ClockCalibrationCallback
 .text.HAL_FDCAN_TxEventFifoCallback
                0x080030c6       0x16 Drivers\STM32H7xx_HAL_Driver\Src\stm32h7xx_hal_fdcan.o
                0x080030c6                HAL_FDCAN_TxEventFifoCallback
 .text.HAL_FDCAN_RxFifo0Callback
                0x080030dc       0x16 Drivers\STM32H7xx_HAL_Driver\Src\stm32h7xx_hal_fdcan.o
                0x080030dc                HAL_FDCAN_RxFifo0Callback
 .text.HAL_FDCAN_RxFifo1Callback
                0x080030f2       0x16 Drivers\STM32H7xx_HAL_Driver\Src\stm32h7xx_hal_fdcan.o
                0x080030f2                HAL_FDCAN_RxFifo1Callback
 .text.HAL_FDCAN_TxFifoEmptyCallback
                0x08003108       0x14 Drivers\STM32H7xx_HAL_Driver\Src\stm32h7xx_hal_fdcan.o
                0x08003108                HAL_FDCAN_TxFifoEmptyCallback
 .text.HAL_FDCAN_TxBufferCompleteCallback
                0x0800311c       0x16 Drivers\STM32H7xx_HAL_Driver\Src\stm32h7xx_hal_fdcan.o
                0x0800311c                HAL_FDCAN_TxBufferCompleteCallback
 .text.HAL_FDCAN_TxBufferAbortCallback
                0x08003132       0x16 Drivers\STM32H7xx_HAL_Driver\Src\stm32h7xx_hal_fdcan.o
                0x08003132                HAL_FDCAN_TxBufferAbortCallback
 .text.HAL_FDCAN_RxBufferNewMessageCallback
                0x08003148       0x14 Drivers\STM32H7xx_HAL_Driver\Src\stm32h7xx_hal_fdcan.o
                0x08003148                HAL_FDCAN_RxBufferNewMessageCallback
 .text.HAL_FDCAN_TimestampWraparoundCallback
                0x0800315c       0x14 Drivers\STM32H7xx_HAL_Driver\Src\stm32h7xx_hal_fdcan.o
                0x0800315c                HAL_FDCAN_TimestampWraparoundCallback
 .text.HAL_FDCAN_TimeoutOccurredCallback
                0x08003170       0x14 Drivers\STM32H7xx_HAL_Driver\Src\stm32h7xx_hal_fdcan.o
                0x08003170                HAL_FDCAN_TimeoutOccurredCallback
 .text.HAL_FDCAN_HighPriorityMessageCallback
                0x08003184       0x14 Drivers\STM32H7xx_HAL_Driver\Src\stm32h7xx_hal_fdcan.o
                0x08003184                HAL_FDCAN_HighPriorityMessageCallback
 .text.HAL_FDCAN_ErrorCallback
                0x08003198       0x14 Drivers\STM32H7xx_HAL_Driver\Src\stm32h7xx_hal_fdcan.o
                0x08003198                HAL_FDCAN_ErrorCallback
 .text.HAL_FDCAN_TT_ScheduleSyncCallback
                0x080031ac       0x16 Drivers\STM32H7xx_HAL_Driver\Src\stm32h7xx_hal_fdcan.o
                0x080031ac                HAL_FDCAN_TT_ScheduleSyncCallback
 .text.HAL_FDCAN_TT_TimeMarkCallback
                0x080031c2       0x16 Drivers\STM32H7xx_HAL_Driver\Src\stm32h7xx_hal_fdcan.o
                0x080031c2                HAL_FDCAN_TT_TimeMarkCallback
 .text.HAL_FDCAN_TT_StopWatchCallback
                0x080031d8       0x18 Drivers\STM32H7xx_HAL_Driver\Src\stm32h7xx_hal_fdcan.o
                0x080031d8                HAL_FDCAN_TT_StopWatchCallback
 .text.HAL_FDCAN_TT_GlobalTimeCallback
                0x080031f0       0x16 Drivers\STM32H7xx_HAL_Driver\Src\stm32h7xx_hal_fdcan.o
                0x080031f0                HAL_FDCAN_TT_GlobalTimeCallback
 *fill*         0x08003206        0x2 
 .text.FDCAN_CalcultateRamBlockAddresses
                0x08003208      0x34c Drivers\STM32H7xx_HAL_Driver\Src\stm32h7xx_hal_fdcan.o
 .text.HAL_GPIO_Init
                0x08003554      0x36c Drivers\STM32H7xx_HAL_Driver\Src\stm32h7xx_hal_gpio.o
                0x08003554                HAL_GPIO_Init
 .text.HAL_GPIO_WritePin
                0x080038c0       0x30 Drivers\STM32H7xx_HAL_Driver\Src\stm32h7xx_hal_gpio.o
                0x080038c0                HAL_GPIO_WritePin
 .text.HAL_PCD_Init
                0x080038f0      0x22a Drivers\STM32H7xx_HAL_Driver\Src\stm32h7xx_hal_pcd.o
                0x080038f0                HAL_PCD_Init
 *fill*         0x08003b1a        0x2 
 .text.HAL_PCDEx_ActivateLPM
                0x08003b1c       0x48 Drivers\STM32H7xx_HAL_Driver\Src\stm32h7xx_hal_pcd_ex.o
                0x08003b1c                HAL_PCDEx_ActivateLPM
 .text.HAL_PCDEx_ActivateBCD
                0x08003b64       0x3c Drivers\STM32H7xx_HAL_Driver\Src\stm32h7xx_hal_pcd_ex.o
                0x08003b64                HAL_PCDEx_ActivateBCD
 .text.HAL_RCC_OscConfig
                0x08003ba0      0x734 Drivers\STM32H7xx_HAL_Driver\Src\stm32h7xx_hal_rcc.o
                0x08003ba0                HAL_RCC_OscConfig
 .text.HAL_RCC_ClockConfig
                0x080042d4      0x294 Drivers\STM32H7xx_HAL_Driver\Src\stm32h7xx_hal_rcc.o
                0x080042d4                HAL_RCC_ClockConfig
 .text.HAL_RCC_GetSysClockFreq
                0x08004568      0x2e0 Drivers\STM32H7xx_HAL_Driver\Src\stm32h7xx_hal_rcc.o
                0x08004568                HAL_RCC_GetSysClockFreq
 .text.HAL_RCC_GetHCLKFreq
                0x08004848       0x50 Drivers\STM32H7xx_HAL_Driver\Src\stm32h7xx_hal_rcc.o
                0x08004848                HAL_RCC_GetHCLKFreq
 .text.HAL_RCC_GetPCLK1Freq
                0x08004898       0x44 Drivers\STM32H7xx_HAL_Driver\Src\stm32h7xx_hal_rcc.o
                0x08004898                HAL_RCC_GetPCLK1Freq
 .text.HAL_RCC_GetPCLK2Freq
                0x080048dc       0x44 Drivers\STM32H7xx_HAL_Driver\Src\stm32h7xx_hal_rcc.o
                0x080048dc                HAL_RCC_GetPCLK2Freq
 .text.HAL_RCCEx_PeriphCLKConfig
                0x08004920      0xe38 Drivers\STM32H7xx_HAL_Driver\Src\stm32h7xx_hal_rcc_ex.o
                0x08004920                HAL_RCCEx_PeriphCLKConfig
 .text.HAL_RCCEx_GetD3PCLK1Freq
                0x08005758       0x44 Drivers\STM32H7xx_HAL_Driver\Src\stm32h7xx_hal_rcc_ex.o
                0x08005758                HAL_RCCEx_GetD3PCLK1Freq
 .text.HAL_RCCEx_GetPLL2ClockFreq
                0x0800579c      0x270 Drivers\STM32H7xx_HAL_Driver\Src\stm32h7xx_hal_rcc_ex.o
                0x0800579c                HAL_RCCEx_GetPLL2ClockFreq
 .text.HAL_RCCEx_GetPLL3ClockFreq
                0x08005a0c      0x270 Drivers\STM32H7xx_HAL_Driver\Src\stm32h7xx_hal_rcc_ex.o
                0x08005a0c                HAL_RCCEx_GetPLL3ClockFreq
 .text.HAL_RCCEx_GetD1SysClockFreq
                0x08005c7c       0x50 Drivers\STM32H7xx_HAL_Driver\Src\stm32h7xx_hal_rcc_ex.o
                0x08005c7c                HAL_RCCEx_GetD1SysClockFreq
 .text.RCCEx_PLL2_Config
                0x08005ccc      0x134 Drivers\STM32H7xx_HAL_Driver\Src\stm32h7xx_hal_rcc_ex.o
 .text.RCCEx_PLL3_Config
                0x08005e00      0x134 Drivers\STM32H7xx_HAL_Driver\Src\stm32h7xx_hal_rcc_ex.o
 .text.HAL_TIM_Base_Init
                0x08005f34       0x56 Drivers\STM32H7xx_HAL_Driver\Src\stm32h7xx_hal_tim.o
                0x08005f34                HAL_TIM_Base_Init
 .text.HAL_TIM_Base_Start_IT
                0x08005f8a       0x3a Drivers\STM32H7xx_HAL_Driver\Src\stm32h7xx_hal_tim.o
                0x08005f8a                HAL_TIM_Base_Start_IT
 .text.HAL_TIM_OC_Init
                0x08005fc4       0x56 Drivers\STM32H7xx_HAL_Driver\Src\stm32h7xx_hal_tim.o
                0x08005fc4                HAL_TIM_OC_Init
 .text.HAL_TIM_OC_MspInit
                0x0800601a       0x14 Drivers\STM32H7xx_HAL_Driver\Src\stm32h7xx_hal_tim.o
                0x0800601a                HAL_TIM_OC_MspInit
 .text.HAL_TIM_PWM_Init
                0x0800602e       0x56 Drivers\STM32H7xx_HAL_Driver\Src\stm32h7xx_hal_tim.o
                0x0800602e                HAL_TIM_PWM_Init
 .text.HAL_TIM_PWM_MspInit
                0x08006084       0x14 Drivers\STM32H7xx_HAL_Driver\Src\stm32h7xx_hal_tim.o
                0x08006084                HAL_TIM_PWM_MspInit
 .text.HAL_TIM_PWM_Start
                0x08006098       0x98 Drivers\STM32H7xx_HAL_Driver\Src\stm32h7xx_hal_tim.o
                0x08006098                HAL_TIM_PWM_Start
 .text.HAL_TIM_PWM_Stop
                0x08006130       0xe0 Drivers\STM32H7xx_HAL_Driver\Src\stm32h7xx_hal_tim.o
                0x08006130                HAL_TIM_PWM_Stop
 .text.HAL_TIM_IRQHandler
                0x08006210      0x23e Drivers\STM32H7xx_HAL_Driver\Src\stm32h7xx_hal_tim.o
                0x08006210                HAL_TIM_IRQHandler
 *fill*         0x0800644e        0x2 
 .text.HAL_TIM_OC_ConfigChannel
                0x08006450       0xfc Drivers\STM32H7xx_HAL_Driver\Src\stm32h7xx_hal_tim.o
                0x08006450                HAL_TIM_OC_ConfigChannel
 .text.HAL_TIM_PWM_ConfigChannel
                0x0800654c      0x230 Drivers\STM32H7xx_HAL_Driver\Src\stm32h7xx_hal_tim.o
                0x0800654c                HAL_TIM_PWM_ConfigChannel
 .text.HAL_TIM_ConfigClockSource
                0x0800677c      0x1c0 Drivers\STM32H7xx_HAL_Driver\Src\stm32h7xx_hal_tim.o
                0x0800677c                HAL_TIM_ConfigClockSource
 .text.HAL_TIM_OC_DelayElapsedCallback
                0x0800693c       0x14 Drivers\STM32H7xx_HAL_Driver\Src\stm32h7xx_hal_tim.o
                0x0800693c                HAL_TIM_OC_DelayElapsedCallback
 .text.HAL_TIM_IC_CaptureCallback
                0x08006950       0x14 Drivers\STM32H7xx_HAL_Driver\Src\stm32h7xx_hal_tim.o
                0x08006950                HAL_TIM_IC_CaptureCallback
 .text.HAL_TIM_PWM_PulseFinishedCallback
                0x08006964       0x14 Drivers\STM32H7xx_HAL_Driver\Src\stm32h7xx_hal_tim.o
                0x08006964                HAL_TIM_PWM_PulseFinishedCallback
 .text.HAL_TIM_TriggerCallback
                0x08006978       0x14 Drivers\STM32H7xx_HAL_Driver\Src\stm32h7xx_hal_tim.o
                0x08006978                HAL_TIM_TriggerCallback
 .text.TIM_Base_SetConfig
                0x0800698c      0x140 Drivers\STM32H7xx_HAL_Driver\Src\stm32h7xx_hal_tim.o
                0x0800698c                TIM_Base_SetConfig
 .text.TIM_OC1_SetConfig
                0x08006acc      0x12c Drivers\STM32H7xx_HAL_Driver\Src\stm32h7xx_hal_tim.o
                0x08006acc                TIM_OC1_SetConfig
 .text.TIM_OC2_SetConfig
                0x08006bf8      0x120 Drivers\STM32H7xx_HAL_Driver\Src\stm32h7xx_hal_tim.o
                0x08006bf8                TIM_OC2_SetConfig
 .text.TIM_OC3_SetConfig
                0x08006d18      0x118 Drivers\STM32H7xx_HAL_Driver\Src\stm32h7xx_hal_tim.o
                0x08006d18                TIM_OC3_SetConfig
 .text.TIM_OC4_SetConfig
                0x08006e30       0xdc Drivers\STM32H7xx_HAL_Driver\Src\stm32h7xx_hal_tim.o
                0x08006e30                TIM_OC4_SetConfig
 .text.TIM_OC5_SetConfig
                0x08006f0c       0xd0 Drivers\STM32H7xx_HAL_Driver\Src\stm32h7xx_hal_tim.o
 .text.TIM_OC6_SetConfig
                0x08006fdc       0xd4 Drivers\STM32H7xx_HAL_Driver\Src\stm32h7xx_hal_tim.o
 .text.TIM_TI1_ConfigInputStage
                0x080070b0       0x66 Drivers\STM32H7xx_HAL_Driver\Src\stm32h7xx_hal_tim.o
 .text.TIM_TI2_ConfigInputStage
                0x08007116       0x68 Drivers\STM32H7xx_HAL_Driver\Src\stm32h7xx_hal_tim.o
 *fill*         0x0800717e        0x2 
 .text.TIM_ITRx_SetConfig
                0x08007180       0x44 Drivers\STM32H7xx_HAL_Driver\Src\stm32h7xx_hal_tim.o
 .text.TIM_ETR_SetConfig
                0x080071c4       0x44 Drivers\STM32H7xx_HAL_Driver\Src\stm32h7xx_hal_tim.o
                0x080071c4                TIM_ETR_SetConfig
 .text.TIM_CCxChannelCmd
                0x08007208       0x46 Drivers\STM32H7xx_HAL_Driver\Src\stm32h7xx_hal_tim.o
                0x08007208                TIM_CCxChannelCmd
 *fill*         0x0800724e        0x2 
 .text.HAL_TIMEx_MasterConfigSynchronization
                0x08007250       0xa8 Drivers\STM32H7xx_HAL_Driver\Src\stm32h7xx_hal_tim_ex.o
                0x08007250                HAL_TIMEx_MasterConfigSynchronization
 .text.HAL_TIMEx_ConfigBreakDeadTime
                0x080072f8       0xfc Drivers\STM32H7xx_HAL_Driver\Src\stm32h7xx_hal_tim_ex.o
                0x080072f8                HAL_TIMEx_ConfigBreakDeadTime
 .text.HAL_TIMEx_CommutationCallback
                0x080073f4       0x14 Drivers\STM32H7xx_HAL_Driver\Src\stm32h7xx_hal_tim_ex.o
                0x080073f4                HAL_TIMEx_CommutationCallback
 .text.HAL_TIMEx_BreakCallback
                0x08007408       0x14 Drivers\STM32H7xx_HAL_Driver\Src\stm32h7xx_hal_tim_ex.o
                0x08007408                HAL_TIMEx_BreakCallback
 .text.HAL_UART_Init
                0x0800741c       0xa2 Drivers\STM32H7xx_HAL_Driver\Src\stm32h7xx_hal_uart.o
                0x0800741c                HAL_UART_Init
 .text.HAL_UART_Transmit
                0x080074be      0x11a Drivers\STM32H7xx_HAL_Driver\Src\stm32h7xx_hal_uart.o
                0x080074be                HAL_UART_Transmit
 .text.HAL_UART_Receive_IT
                0x080075d8      0x140 Drivers\STM32H7xx_HAL_Driver\Src\stm32h7xx_hal_uart.o
                0x080075d8                HAL_UART_Receive_IT
 .text.HAL_UART_IRQHandler
                0x08007718      0x294 Drivers\STM32H7xx_HAL_Driver\Src\stm32h7xx_hal_uart.o
                0x08007718                HAL_UART_IRQHandler
 .text.HAL_UART_TxCpltCallback
                0x080079ac       0x14 Drivers\STM32H7xx_HAL_Driver\Src\stm32h7xx_hal_uart.o
                0x080079ac                HAL_UART_TxCpltCallback
 .text.HAL_UART_ErrorCallback
                0x080079c0       0x14 Drivers\STM32H7xx_HAL_Driver\Src\stm32h7xx_hal_uart.o
                0x080079c0                HAL_UART_ErrorCallback
 .text.UART_SetConfig
                0x080079d4      0xf5c Drivers\STM32H7xx_HAL_Driver\Src\stm32h7xx_hal_uart.o
                0x080079d4                UART_SetConfig
 .text.UART_AdvFeatureConfig
                0x08008930      0x144 Drivers\STM32H7xx_HAL_Driver\Src\stm32h7xx_hal_uart.o
                0x08008930                UART_AdvFeatureConfig
 .text.UART_CheckIdleState
                0x08008a74       0x92 Drivers\STM32H7xx_HAL_Driver\Src\stm32h7xx_hal_uart.o
                0x08008a74                UART_CheckIdleState
 .text.UART_WaitOnFlagUntilTimeout
                0x08008b06       0x94 Drivers\STM32H7xx_HAL_Driver\Src\stm32h7xx_hal_uart.o
                0x08008b06                UART_WaitOnFlagUntilTimeout
 .text.UART_EndRxTransfer
                0x08008b9a       0x3c Drivers\STM32H7xx_HAL_Driver\Src\stm32h7xx_hal_uart.o
 .text.UART_DMAAbortOnError
                0x08008bd6       0x2c Drivers\STM32H7xx_HAL_Driver\Src\stm32h7xx_hal_uart.o
 .text.UART_Transmit_IT
                0x08008c02       0xd0 Drivers\STM32H7xx_HAL_Driver\Src\stm32h7xx_hal_uart.o
 .text.UART_EndTransmit_IT
                0x08008cd2       0x30 Drivers\STM32H7xx_HAL_Driver\Src\stm32h7xx_hal_uart.o
 .text.UART_Receive_IT
                0x08008d02       0xd8 Drivers\STM32H7xx_HAL_Driver\Src\stm32h7xx_hal_uart.o
 .text.HAL_UARTEx_WakeupCallback
                0x08008dda       0x14 Drivers\STM32H7xx_HAL_Driver\Src\stm32h7xx_hal_uart_ex.o
                0x08008dda                HAL_UARTEx_WakeupCallback
 *fill*         0x08008dee        0x2 
 .text.USB_CoreInit
                0x08008df0       0xa4 Drivers\STM32H7xx_HAL_Driver\Src\stm32h7xx_ll_usb.o
                0x08008df0                USB_CoreInit
 .text.USB_DisableGlobalInt
                0x08008e94       0x22 Drivers\STM32H7xx_HAL_Driver\Src\stm32h7xx_ll_usb.o
                0x08008e94                USB_DisableGlobalInt
 .text.USB_SetCurrentMode
                0x08008eb6       0x4e Drivers\STM32H7xx_HAL_Driver\Src\stm32h7xx_ll_usb.o
                0x08008eb6                USB_SetCurrentMode
 .text.USB_DevInit
                0x08008f04      0x27c Drivers\STM32H7xx_HAL_Driver\Src\stm32h7xx_ll_usb.o
                0x08008f04                USB_DevInit
 .text.USB_FlushTxFifo
                0x08009180       0x4c Drivers\STM32H7xx_HAL_Driver\Src\stm32h7xx_ll_usb.o
                0x08009180                USB_FlushTxFifo
 .text.USB_FlushRxFifo
                0x080091cc       0x44 Drivers\STM32H7xx_HAL_Driver\Src\stm32h7xx_ll_usb.o
                0x080091cc                USB_FlushRxFifo
 .text.USB_SetDevSpeed
                0x08009210       0x30 Drivers\STM32H7xx_HAL_Driver\Src\stm32h7xx_ll_usb.o
                0x08009210                USB_SetDevSpeed
 .text.USB_DevDisconnect
                0x08009240       0x2e Drivers\STM32H7xx_HAL_Driver\Src\stm32h7xx_ll_usb.o
                0x08009240                USB_DevDisconnect
 *fill*         0x0800926e        0x2 
 .text.USB_CoreReset
                0x08009270       0x68 Drivers\STM32H7xx_HAL_Driver\Src\stm32h7xx_ll_usb.o
 .text.CalculateValues
                0x080092d8       0xb0 Src\main.o
 .text.SendValues
                0x08009388       0x68 Src\main.o
 .text.HAL_ADC_ConvCpltCallback
                0x080093f0       0x80 Src\main.o
                0x080093f0                HAL_ADC_ConvCpltCallback
 .text.HAL_TIM_PeriodElapsedCallback
                0x08009470       0x60 Src\main.o
                0x08009470                HAL_TIM_PeriodElapsedCallback
 .text.main     0x080094d0       0xa0 Src\main.o
                0x080094d0                main
 .text.SystemClock_Config
                0x08009570      0x1c4 Src\main.o
                0x08009570                SystemClock_Config
 .text.MX_ADC1_Init
                0x08009734       0xf0 Src\main.o
 .text.MX_DAC1_Init
                0x08009824       0x64 Src\main.o
 .text.MX_FDCAN1_Init
                0x08009888      0x110 Src\main.o
 .text.MX_TIM2_Init
                0x08009998      0x104 Src\main.o
 .text.MX_TIM3_Init
                0x08009a9c      0x108 Src\main.o
 .text.MX_TIM4_Init
                0x08009ba4       0xf0 Src\main.o
 .text.MX_TIM5_Init
                0x08009c94       0xf0 Src\main.o
 .text.MX_TIM8_Init
                0x08009d84      0x154 Src\main.o
 .text.MX_USART3_UART_Init
                0x08009ed8       0x78 Src\main.o
 .text.MX_USB_OTG_FS_PCD_Init
                0x08009f50       0x68 Src\main.o
 .text.MX_GPIO_Init
                0x08009fb8      0x25c Src\main.o
 .text.StringSort
                0x0800a214      0x480 Src\main.o
 .text.HAL_UART_RxCpltCallback
                0x0800a694       0xa0 Src\main.o
                0x0800a694                HAL_UART_RxCpltCallback
 .text.Error_Handler
                0x0800a734        0xe Src\main.o
                0x0800a734                Error_Handler
 *fill*         0x0800a742        0x2 
 .text.HAL_MspInit
                0x0800a744       0x34 Src\stm32h7xx_hal_msp.o
                0x0800a744                HAL_MspInit
 .text.HAL_ADC_MspInit
                0x0800a778      0x110 Src\stm32h7xx_hal_msp.o
                0x0800a778                HAL_ADC_MspInit
 .text.HAL_DAC_MspInit
                0x0800a888       0x9c Src\stm32h7xx_hal_msp.o
                0x0800a888                HAL_DAC_MspInit
 .text.HAL_FDCAN_MspInit
                0x0800a924       0xc4 Src\stm32h7xx_hal_msp.o
                0x0800a924                HAL_FDCAN_MspInit
 .text.HAL_TIM_Base_MspInit
                0x0800a9e8      0x144 Src\stm32h7xx_hal_msp.o
                0x0800a9e8                HAL_TIM_Base_MspInit
 .text.HAL_TIM_MspPostInit
                0x0800ab2c      0x1a4 Src\stm32h7xx_hal_msp.o
                0x0800ab2c                HAL_TIM_MspPostInit
 .text.HAL_UART_MspInit
                0x0800acd0       0xa4 Src\stm32h7xx_hal_msp.o
                0x0800acd0                HAL_UART_MspInit
 .text.HAL_PCD_MspInit
                0x0800ad74       0xb0 Src\stm32h7xx_hal_msp.o
                0x0800ad74                HAL_PCD_MspInit
 .text.NMI_Handler
                0x0800ae24        0xe Src\stm32h7xx_it.o
                0x0800ae24                NMI_Handler
 .text.HardFault_Handler
                0x0800ae32        0x6 Src\stm32h7xx_it.o
                0x0800ae32                HardFault_Handler
 .text.MemManage_Handler
                0x0800ae38        0x6 Src\stm32h7xx_it.o
                0x0800ae38                MemManage_Handler
 .text.BusFault_Handler
                0x0800ae3e        0x6 Src\stm32h7xx_it.o
                0x0800ae3e                BusFault_Handler
 .text.UsageFault_Handler
                0x0800ae44        0x6 Src\stm32h7xx_it.o
                0x0800ae44                UsageFault_Handler
 .text.SVC_Handler
                0x0800ae4a        0xe Src\stm32h7xx_it.o
                0x0800ae4a                SVC_Handler
 .text.DebugMon_Handler
                0x0800ae58        0xe Src\stm32h7xx_it.o
                0x0800ae58                DebugMon_Handler
 .text.PendSV_Handler
                0x0800ae66        0xe Src\stm32h7xx_it.o
                0x0800ae66                PendSV_Handler
 .text.SysTick_Handler
                0x0800ae74        0xc Src\stm32h7xx_it.o
                0x0800ae74                SysTick_Handler
 .text.ADC_IRQHandler
                0x0800ae80       0x14 Src\stm32h7xx_it.o
                0x0800ae80                ADC_IRQHandler
 .text.FDCAN1_IT0_IRQHandler
                0x0800ae94       0x14 Src\stm32h7xx_it.o
                0x0800ae94                FDCAN1_IT0_IRQHandler
 .text.FDCAN1_IT1_IRQHandler
                0x0800aea8       0x14 Src\stm32h7xx_it.o
                0x0800aea8                FDCAN1_IT1_IRQHandler
 .text.TIM3_IRQHandler
                0x0800aebc       0x14 Src\stm32h7xx_it.o
                0x0800aebc                TIM3_IRQHandler
 .text.USART3_IRQHandler
                0x0800aed0       0x14 Src\stm32h7xx_it.o
                0x0800aed0                USART3_IRQHandler
 .text.TIM8_BRK_TIM12_IRQHandler
                0x0800aee4       0x14 Src\stm32h7xx_it.o
                0x0800aee4                TIM8_BRK_TIM12_IRQHandler
 .text.TIM8_UP_TIM13_IRQHandler
                0x0800aef8       0x14 Src\stm32h7xx_it.o
                0x0800aef8                TIM8_UP_TIM13_IRQHandler
 .text.TIM8_TRG_COM_TIM14_IRQHandler
                0x0800af0c       0x14 Src\stm32h7xx_it.o
                0x0800af0c                TIM8_TRG_COM_TIM14_IRQHandler
 .text.TIM8_CC_IRQHandler
                0x0800af20       0x14 Src\stm32h7xx_it.o
                0x0800af20                TIM8_CC_IRQHandler
 .text.TIM6_DAC_IRQHandler
                0x0800af34       0x14 Src\stm32h7xx_it.o
                0x0800af34                TIM6_DAC_IRQHandler
 .text.FDCAN_CAL_IRQHandler
                0x0800af48       0x14 Src\stm32h7xx_it.o
                0x0800af48                FDCAN_CAL_IRQHandler
 .text.SystemInit
                0x0800af5c       0xb0 Src\system_stm32h7xx.o
                0x0800af5c                SystemInit
 .text.Reset_Handler
                0x0800b00c       0x50 startup\startup_stm32h743xx.o
                0x0800b00c                Reset_Handler
 .text.Default_Handler
                0x0800b05c        0x2 startup\startup_stm32h743xx.o
                0x0800b05c                RTC_Alarm_IRQHandler
                0x0800b05c                EXTI2_IRQHandler
                0x0800b05c                HRTIM1_Master_IRQHandler
                0x0800b05c                UART8_IRQHandler
                0x0800b05c                SPI4_IRQHandler
                0x0800b05c                TIM1_CC_IRQHandler
                0x0800b05c                BDMA_Channel6_IRQHandler
                0x0800b05c                DMA2_Stream5_IRQHandler
                0x0800b05c                HRTIM1_FLT_IRQHandler
                0x0800b05c                JPEG_IRQHandler
                0x0800b05c                DMA1_Stream5_IRQHandler
                0x0800b05c                BDMA_Channel1_IRQHandler
                0x0800b05c                HRTIM1_TIMD_IRQHandler
                0x0800b05c                TAMP_STAMP_IRQHandler
                0x0800b05c                EXTI3_IRQHandler
                0x0800b05c                LPTIM4_IRQHandler
                0x0800b05c                LPTIM2_IRQHandler
                0x0800b05c                DFSDM1_FLT1_IRQHandler
                0x0800b05c                DMAMUX2_OVR_IRQHandler
                0x0800b05c                I2C3_ER_IRQHandler
                0x0800b05c                DFSDM1_FLT2_IRQHandler
                0x0800b05c                MDMA_IRQHandler
                0x0800b05c                LPTIM3_IRQHandler
                0x0800b05c                HSEM1_IRQHandler
                0x0800b05c                EXTI0_IRQHandler
                0x0800b05c                I2C2_EV_IRQHandler
                0x0800b05c                DMA1_Stream2_IRQHandler
                0x0800b05c                FPU_IRQHandler
                0x0800b05c                OTG_HS_WKUP_IRQHandler
                0x0800b05c                LTDC_ER_IRQHandler
                0x0800b05c                DMA2_Stream2_IRQHandler
                0x0800b05c                HRTIM1_TIME_IRQHandler
                0x0800b05c                SPI1_IRQHandler
                0x0800b05c                DCMI_IRQHandler
                0x0800b05c                HRTIM1_TIMC_IRQHandler
                0x0800b05c                DMA2_Stream3_IRQHandler
                0x0800b05c                SAI2_IRQHandler
                0x0800b05c                DFSDM1_FLT3_IRQHandler
                0x0800b05c                USART6_IRQHandler
                0x0800b05c                TIM17_IRQHandler
                0x0800b05c                BDMA_Channel7_IRQHandler
                0x0800b05c                LPTIM5_IRQHandler
                0x0800b05c                UART5_IRQHandler
                0x0800b05c                ADC3_IRQHandler
                0x0800b05c                DMA2_Stream0_IRQHandler
                0x0800b05c                TIM4_IRQHandler
                0x0800b05c                BDMA_Channel2_IRQHandler
                0x0800b05c                QUADSPI_IRQHandler
                0x0800b05c                I2C1_EV_IRQHandler
                0x0800b05c                DMA1_Stream6_IRQHandler
                0x0800b05c                DMAMUX1_OVR_IRQHandler
                0x0800b05c                DMA1_Stream1_IRQHandler
                0x0800b05c                TIM16_IRQHandler
                0x0800b05c                UART4_IRQHandler
                0x0800b05c                BDMA_Channel5_IRQHandler
                0x0800b05c                RCC_IRQHandler
                0x0800b05c                TIM1_TRG_COM_IRQHandler
                0x0800b05c                Default_Handler
                0x0800b05c                CEC_IRQHandler
                0x0800b05c                EXTI15_10_IRQHandler
                0x0800b05c                BDMA_Channel0_IRQHandler
                0x0800b05c                DMA1_Stream7_IRQHandler
                0x0800b05c                HRTIM1_TIMA_IRQHandler
                0x0800b05c                SPI5_IRQHandler
                0x0800b05c                TIM7_IRQHandler
                0x0800b05c                SDMMC1_IRQHandler
                0x0800b05c                TIM5_IRQHandler
                0x0800b05c                DMA2_Stream7_IRQHandler
                0x0800b05c                TIM15_IRQHandler
                0x0800b05c                PVD_AVD_IRQHandler
                0x0800b05c                I2C3_EV_IRQHandler
                0x0800b05c                EXTI9_5_IRQHandler
                0x0800b05c                RTC_WKUP_IRQHandler
                0x0800b05c                LTDC_IRQHandler
                0x0800b05c                SAI3_IRQHandler
                0x0800b05c                ETH_WKUP_IRQHandler
                0x0800b05c                SPDIF_RX_IRQHandler
                0x0800b05c                SPI2_IRQHandler
                0x0800b05c                OTG_HS_EP1_IN_IRQHandler
                0x0800b05c                DMA1_Stream0_IRQHandler
                0x0800b05c                CRS_IRQHandler
                0x0800b05c                EXTI4_IRQHandler
                0x0800b05c                RNG_IRQHandler
                0x0800b05c                HRTIM1_TIMB_IRQHandler
                0x0800b05c                FDCAN2_IT1_IRQHandler
                0x0800b05c                ETH_IRQHandler
                0x0800b05c                TIM1_UP_IRQHandler
                0x0800b05c                BDMA_Channel4_IRQHandler
                0x0800b05c                OTG_HS_EP1_OUT_IRQHandler
                0x0800b05c                WWDG_IRQHandler
                0x0800b05c                SPI6_IRQHandler
                0x0800b05c                MDIOS_IRQHandler
                0x0800b05c                I2C4_EV_IRQHandler
                0x0800b05c                FDCAN2_IT0_IRQHandler
                0x0800b05c                LPUART1_IRQHandler
                0x0800b05c                TIM2_IRQHandler
                0x0800b05c                OTG_FS_WKUP_IRQHandler
                0x0800b05c                OTG_HS_IRQHandler
                0x0800b05c                DMA2D_IRQHandler
                0x0800b05c                TIM1_BRK_IRQHandler
                0x0800b05c                EXTI1_IRQHandler
                0x0800b05c                SDMMC2_IRQHandler
                0x0800b05c                OTG_FS_EP1_OUT_IRQHandler
                0x0800b05c                BDMA_Channel3_IRQHandler
                0x0800b05c                UART7_IRQHandler
                0x0800b05c                MDIOS_WKUP_IRQHandler
                0x0800b05c                USART2_IRQHandler
                0x0800b05c                DFSDM1_FLT0_IRQHandler
                0x0800b05c                SAI4_IRQHandler
                0x0800b05c                I2C2_ER_IRQHandler
                0x0800b05c                DMA2_Stream1_IRQHandler
                0x0800b05c                FLASH_IRQHandler
                0x0800b05c                DMA2_Stream4_IRQHandler
                0x0800b05c                USART1_IRQHandler
                0x0800b05c                OTG_FS_IRQHandler
                0x0800b05c                SPI3_IRQHandler
                0x0800b05c                WAKEUP_PIN_IRQHandler
                0x0800b05c                DMA1_Stream4_IRQHandler
                0x0800b05c                OTG_FS_EP1_IN_IRQHandler
                0x0800b05c                I2C1_ER_IRQHandler
                0x0800b05c                FMC_IRQHandler
                0x0800b05c                SWPMI1_IRQHandler
                0x0800b05c                COMP1_IRQHandler
                0x0800b05c                LPTIM1_IRQHandler
                0x0800b05c                I2C4_ER_IRQHandler
                0x0800b05c                DMA2_Stream6_IRQHandler
                0x0800b05c                SAI1_IRQHandler
                0x0800b05c                DMA1_Stream3_IRQHandler
 .text.atoi     0x0800b05e        0x8 c:/program files (x86)/atollic/truestudio for stm32 9.2.0/armtools/bin/../lib/gcc/arm-atollic-eabi/6.3.1/../../../../arm-atollic-eabi/lib/armv7e-m/fpu/fpv5-d16\libc_nano.a(lib_a-atoi.o)
                0x0800b05e                atoi
 *fill*         0x0800b066        0x2 
 .text.__libc_init_array
                0x0800b068       0x48 c:/program files (x86)/atollic/truestudio for stm32 9.2.0/armtools/bin/../lib/gcc/arm-atollic-eabi/6.3.1/../../../../arm-atollic-eabi/lib/armv7e-m/fpu/fpv5-d16\libc_nano.a(lib_a-init.o)
                0x0800b068                __libc_init_array
 .text.memset   0x0800b0b0       0x10 c:/program files (x86)/atollic/truestudio for stm32 9.2.0/armtools/bin/../lib/gcc/arm-atollic-eabi/6.3.1/../../../../arm-atollic-eabi/lib/armv7e-m/fpu/fpv5-d16\libc_nano.a(lib_a-memset.o)
                0x0800b0b0                memset
 .text.strcpy   0x0800b0c0       0x10 c:/program files (x86)/atollic/truestudio for stm32 9.2.0/armtools/bin/../lib/gcc/arm-atollic-eabi/6.3.1/../../../../arm-atollic-eabi/lib/armv7e-m/fpu/fpv5-d16\libc_nano.a(lib_a-strcpy.o)
                0x0800b0c0                strcpy
 .text._strtol_l.isra.0
                0x0800b0d0      0x100 c:/program files (x86)/atollic/truestudio for stm32 9.2.0/armtools/bin/../lib/gcc/arm-atollic-eabi/6.3.1/../../../../arm-atollic-eabi/lib/armv7e-m/fpu/fpv5-d16\libc_nano.a(lib_a-strtol.o)
 .text.strtol   0x0800b1d0       0x2c c:/program files (x86)/atollic/truestudio for stm32 9.2.0/armtools/bin/../lib/gcc/arm-atollic-eabi/6.3.1/../../../../arm-atollic-eabi/lib/armv7e-m/fpu/fpv5-d16\libc_nano.a(lib_a-strtol.o)
                0x0800b1d0                strtol
 .text.__locale_ctype_ptr_l
                0x0800b1fc        0x6 c:/program files (x86)/atollic/truestudio for stm32 9.2.0/armtools/bin/../lib/gcc/arm-atollic-eabi/6.3.1/../../../../arm-atollic-eabi/lib/armv7e-m/fpu/fpv5-d16\libc_nano.a(lib_a-locale.o)
                0x0800b1fc                __locale_ctype_ptr_l
 .text.__ascii_mbtowc
                0x0800b202       0x24 c:/program files (x86)/atollic/truestudio for stm32 9.2.0/armtools/bin/../lib/gcc/arm-atollic-eabi/6.3.1/../../../../arm-atollic-eabi/lib/armv7e-m/fpu/fpv5-d16\libc_nano.a(lib_a-mbtowc_r.o)
                0x0800b202                __ascii_mbtowc
 .text.__ascii_wctomb
                0x0800b226       0x1a c:/program files (x86)/atollic/truestudio for stm32 9.2.0/armtools/bin/../lib/gcc/arm-atollic-eabi/6.3.1/../../../../arm-atollic-eabi/lib/armv7e-m/fpu/fpv5-d16\libc_nano.a(lib_a-wctomb_r.o)
                0x0800b226                __ascii_wctomb
 *(.glue_7)
 .glue_7        0x0800b240        0x0 linker stubs
 *(.glue_7t)
 .glue_7t       0x0800b240        0x0 linker stubs
 *(.eh_frame)
 .eh_frame      0x0800b240        0x0 c:/program files (x86)/atollic/truestudio for stm32 9.2.0/armtools/bin/../lib/gcc/arm-atollic-eabi/6.3.1/armv7e-m/fpu/fpv5-d16/crtbegin.o
 *(.init)
 .init          0x0800b240        0x4 c:/program files (x86)/atollic/truestudio for stm32 9.2.0/armtools/bin/../lib/gcc/arm-atollic-eabi/6.3.1/armv7e-m/fpu/fpv5-d16/crti.o
                0x0800b240                _init
 .init          0x0800b244        0x8 c:/program files (x86)/atollic/truestudio for stm32 9.2.0/armtools/bin/../lib/gcc/arm-atollic-eabi/6.3.1/armv7e-m/fpu/fpv5-d16/crtn.o
 *(.fini)
 .fini          0x0800b24c        0x4 c:/program files (x86)/atollic/truestudio for stm32 9.2.0/armtools/bin/../lib/gcc/arm-atollic-eabi/6.3.1/armv7e-m/fpu/fpv5-d16/crti.o
                0x0800b24c                _fini
 .fini          0x0800b250        0x8 c:/program files (x86)/atollic/truestudio for stm32 9.2.0/armtools/bin/../lib/gcc/arm-atollic-eabi/6.3.1/armv7e-m/fpu/fpv5-d16/crtn.o
                0x0800b258                . = ALIGN (0x4)
                0x0800b258                _etext = .

.vfp11_veneer   0x0800b258        0x0
 .vfp11_veneer  0x0800b258        0x0 linker stubs

.v4_bx          0x0800b258        0x0
 .v4_bx         0x0800b258        0x0 linker stubs

.iplt           0x0800b258        0x0
 .iplt          0x0800b258        0x0 c:/program files (x86)/atollic/truestudio for stm32 9.2.0/armtools/bin/../lib/gcc/arm-atollic-eabi/6.3.1/armv7e-m/fpu/fpv5-d16/crtbegin.o

.rodata         0x0800b258      0x178
                0x0800b258                . = ALIGN (0x4)
 *(.rodata)
 .rodata        0x0800b258       0x2d Src\main.o
 *(.rodata*)
 *fill*         0x0800b285        0x3 
 .rodata.CvtEltSize
                0x0800b288       0x13 Drivers\STM32H7xx_HAL_Driver\Src\stm32h7xx_hal_fdcan.o
 *fill*         0x0800b29b        0x1 
 .rodata.UARTPrescTable
                0x0800b29c       0x18 Drivers\STM32H7xx_HAL_Driver\Src\stm32h7xx_hal_uart.o
 .rodata.D1CorePrescTable
                0x0800b2b4       0x10 Src\system_stm32h7xx.o
                0x0800b2b4                D1CorePrescTable
 .rodata._setlocale_r.str1.1
                0x0800b2c4        0x8 c:/program files (x86)/atollic/truestudio for stm32 9.2.0/armtools/bin/../lib/gcc/arm-atollic-eabi/6.3.1/../../../../arm-atollic-eabi/lib/armv7e-m/fpu/fpv5-d16\libc_nano.a(lib_a-locale.o)
                                  0x9 (size before relaxing)
 .rodata.str1.1
                0x0800b2cc        0x2 c:/program files (x86)/atollic/truestudio for stm32 9.2.0/armtools/bin/../lib/gcc/arm-atollic-eabi/6.3.1/../../../../arm-atollic-eabi/lib/armv7e-m/fpu/fpv5-d16\libc_nano.a(lib_a-locale.o)
 .rodata._ctype_
                0x0800b2ce      0x101 c:/program files (x86)/atollic/truestudio for stm32 9.2.0/armtools/bin/../lib/gcc/arm-atollic-eabi/6.3.1/../../../../arm-atollic-eabi/lib/armv7e-m/fpu/fpv5-d16\libc_nano.a(lib_a-ctype_.o)
                0x0800b2ce                _ctype_
                0x0800b3d0                . = ALIGN (0x4)
 *fill*         0x0800b3cf        0x1 

.ARM.extab
 *(.ARM.extab* .gnu.linkonce.armextab.*)

.ARM            0x0800b3d0        0x8
                0x0800b3d0                __exidx_start = .
 *(.ARM.exidx*)
 .ARM.exidx     0x0800b3d0        0x8 c:/program files (x86)/atollic/truestudio for stm32 9.2.0/armtools/bin/../lib/gcc/arm-atollic-eabi/6.3.1/armv7e-m/fpu/fpv5-d16\libgcc.a(_udivmoddi4.o)
                0x0800b3d8                __exidx_end = .

.rel.dyn        0x0800b3d8        0x0
 .rel.iplt      0x0800b3d8        0x0 c:/program files (x86)/atollic/truestudio for stm32 9.2.0/armtools/bin/../lib/gcc/arm-atollic-eabi/6.3.1/armv7e-m/fpu/fpv5-d16/crtbegin.o

.preinit_array  0x0800b3d8        0x0
                0x0800b3d8                PROVIDE (__preinit_array_start, .)
 *(.preinit_array*)
                0x0800b3d8                PROVIDE (__preinit_array_end, .)

.init_array     0x0800b3d8        0x4
                0x0800b3d8                PROVIDE (__init_array_start, .)
 *(SORT(.init_array.*))
 *(.init_array*)
 .init_array    0x0800b3d8        0x4 c:/program files (x86)/atollic/truestudio for stm32 9.2.0/armtools/bin/../lib/gcc/arm-atollic-eabi/6.3.1/armv7e-m/fpu/fpv5-d16/crtbegin.o
                0x0800b3dc                PROVIDE (__init_array_end, .)

.fini_array     0x0800b3dc        0x4
                [!provide]                PROVIDE (__fini_array_start, .)
 *(SORT(.fini_array.*))
 *(.fini_array*)
 .fini_array    0x0800b3dc        0x4 c:/program files (x86)/atollic/truestudio for stm32 9.2.0/armtools/bin/../lib/gcc/arm-atollic-eabi/6.3.1/armv7e-m/fpu/fpv5-d16/crtbegin.o
                [!provide]                PROVIDE (__fini_array_end, .)
                0x0800b3e0                _sidata = LOADADDR (.data)

.data           0x20000000      0x1f8 load address 0x0800b3e0
                0x20000000                . = ALIGN (0x4)
                0x20000000                _sdata = .
 *(.data)
 *(.data*)
 .data.uwTickPrio
                0x20000000        0x4 Drivers\STM32H7xx_HAL_Driver\Src\stm32h7xx_hal.o
 .data.uwTickFreq
                0x20000004        0x1 Drivers\STM32H7xx_HAL_Driver\Src\stm32h7xx_hal.o
 *fill*         0x20000005        0x3 
 .data.Brightness
                0x20000008        0x4 Src\main.o
                0x20000008                Brightness
 .data.mVoltsPerBit
                0x2000000c        0x4 Src\main.o
                0x2000000c                mVoltsPerBit
 .data.mAmpsPerBit
                0x20000010        0x4 Src\main.o
                0x20000010                mAmpsPerBit
 .data.DegsPerBit
                0x20000014        0x4 Src\main.o
                0x20000014                DegsPerBit
 .data.ScaleFactor
                0x20000018        0x4 Src\main.o
                0x20000018                ScaleFactor
 .data.Vout     0x2000001c        0x4 Src\main.o
                0x2000001c                Vout
 .data.SystemCoreClock
                0x20000020        0x4 Src\system_stm32h7xx.o
                0x20000020                SystemCoreClock
 .data.SystemD2Clock
                0x20000024        0x4 Src\system_stm32h7xx.o
                0x20000024                SystemD2Clock
 .data._impure_ptr
                0x20000028        0x4 c:/program files (x86)/atollic/truestudio for stm32 9.2.0/armtools/bin/../lib/gcc/arm-atollic-eabi/6.3.1/../../../../arm-atollic-eabi/lib/armv7e-m/fpu/fpv5-d16\libc_nano.a(lib_a-impure.o)
                0x20000028                _impure_ptr
 .data.impure_data
                0x2000002c       0x60 c:/program files (x86)/atollic/truestudio for stm32 9.2.0/armtools/bin/../lib/gcc/arm-atollic-eabi/6.3.1/../../../../arm-atollic-eabi/lib/armv7e-m/fpu/fpv5-d16\libc_nano.a(lib_a-impure.o)
 .data.__global_locale
                0x2000008c      0x16c c:/program files (x86)/atollic/truestudio for stm32 9.2.0/armtools/bin/../lib/gcc/arm-atollic-eabi/6.3.1/../../../../arm-atollic-eabi/lib/armv7e-m/fpu/fpv5-d16\libc_nano.a(lib_a-locale.o)
                0x2000008c                __global_locale
                0x200001f8                . = ALIGN (0x4)
                0x200001f8                _edata = .

.igot.plt       0x200001f8        0x0 load address 0x0800b5d8
 .igot.plt      0x200001f8        0x0 c:/program files (x86)/atollic/truestudio for stm32 9.2.0/armtools/bin/../lib/gcc/arm-atollic-eabi/6.3.1/armv7e-m/fpu/fpv5-d16/crtbegin.o
                0x200001f8                . = ALIGN (0x4)

.bss            0x200001f8      0x870 load address 0x0800b5d8
                0x200001f8                _sbss = .
                0x200001f8                __bss_start__ = _sbss
 *(.bss)
 .bss           0x200001f8       0x1c c:/program files (x86)/atollic/truestudio for stm32 9.2.0/armtools/bin/../lib/gcc/arm-atollic-eabi/6.3.1/armv7e-m/fpu/fpv5-d16/crtbegin.o
 *(.bss*)
 .bss.uwTick    0x20000214        0x4 Drivers\STM32H7xx_HAL_Driver\Src\stm32h7xx_hal.o
 .bss.offset    0x20000218        0x4 Src\main.o
                0x20000218                offset
 .bss.i         0x2000021c        0x1 Src\main.o
                0x2000021c                i
 *(COMMON)
 *fill*         0x2000021d        0x3 
 COMMON         0x20000220      0x848 Src\main.o
                0x20000220                ADC_float
                0x2000022c                Transfer_cplt
                0x20000230                htim8
                0x20000270                htim4
                0x200002b0                hdac1
                0x200002c4                huart3
                0x20000344                Device
                0x20000348                hpcd_USB_OTG_FS
                0x20000748                Rx_index
                0x2000074c                Rx_data
                0x20000750                htim5
                0x20000790                htim3
                0x200007d0                Channel
                0x200007d1                Timer
                0x200007d4                TEMPERATURE
                0x200007d8                hadc1
                0x2000083c                State
                0x20000840                buffer
                0x200008a4                ADC_raw
                0x200008b0                hfdcan1
                0x2000094c                Rx_Buffer
                0x200009b0                PWM
                0x200009b4                htim2
                0x200009f4                LOAD_VOLTAGE
                0x200009f8                Rx_String
                0x20000a5c                LOAD_CURRENT
                0x20000a60                Start
                0x20000a64                len
                0x20000a68                . = ALIGN (0x4)
                0x20000a68                _ebss = .
                0x20000a68                __bss_end__ = _ebss

._user_heap_stack
                0x20000a68      0x600 load address 0x0800b5d8
                0x20000a68                . = ALIGN (0x4)
                [!provide]                PROVIDE (end, .)
                [!provide]                PROVIDE (_end, .)
                0x20000c68                . = (. + _Min_Heap_Size)
 *fill*         0x20000a68      0x200 
                0x20001068                . = (. + _Min_Stack_Size)
 *fill*         0x20000c68      0x400 
                0x20001068                . = ALIGN (0x4)

/DISCARD/
 libc.a(*)
 libm.a(*)
 libgcc.a(*)

.ARM.attributes
                0x00000000       0x2e
 *(.ARM.attributes)
 .ARM.attributes
                0x00000000       0x20 c:/program files (x86)/atollic/truestudio for stm32 9.2.0/armtools/bin/../lib/gcc/arm-atollic-eabi/6.3.1/armv7e-m/fpu/fpv5-d16/crti.o
 .ARM.attributes
                0x00000020       0x32 c:/program files (x86)/atollic/truestudio for stm32 9.2.0/armtools/bin/../lib/gcc/arm-atollic-eabi/6.3.1/armv7e-m/fpu/fpv5-d16/crtbegin.o
 .ARM.attributes
                0x00000052       0x37 Drivers\STM32H7xx_HAL_Driver\Src\stm32h7xx_hal.o
 .ARM.attributes
                0x00000089       0x37 Drivers\STM32H7xx_HAL_Driver\Src\stm32h7xx_hal_adc.o
 .ARM.attributes
                0x000000c0       0x37 Drivers\STM32H7xx_HAL_Driver\Src\stm32h7xx_hal_adc_ex.o
 .ARM.attributes
                0x000000f7       0x37 Drivers\STM32H7xx_HAL_Driver\Src\stm32h7xx_hal_cortex.o
 .ARM.attributes
                0x0000012e       0x37 Drivers\STM32H7xx_HAL_Driver\Src\stm32h7xx_hal_dac.o
 .ARM.attributes
                0x00000165       0x37 Drivers\STM32H7xx_HAL_Driver\Src\stm32h7xx_hal_dac_ex.o
 .ARM.attributes
                0x0000019c       0x37 Drivers\STM32H7xx_HAL_Driver\Src\stm32h7xx_hal_dma.o
 .ARM.attributes
                0x000001d3       0x37 Drivers\STM32H7xx_HAL_Driver\Src\stm32h7xx_hal_fdcan.o
 .ARM.attributes
                0x0000020a       0x37 Drivers\STM32H7xx_HAL_Driver\Src\stm32h7xx_hal_gpio.o
 .ARM.attributes
                0x00000241       0x37 Drivers\STM32H7xx_HAL_Driver\Src\stm32h7xx_hal_pcd.o
 .ARM.attributes
                0x00000278       0x37 Drivers\STM32H7xx_HAL_Driver\Src\stm32h7xx_hal_pcd_ex.o
 .ARM.attributes
                0x000002af       0x37 Drivers\STM32H7xx_HAL_Driver\Src\stm32h7xx_hal_rcc.o
 .ARM.attributes
                0x000002e6       0x37 Drivers\STM32H7xx_HAL_Driver\Src\stm32h7xx_hal_rcc_ex.o
 .ARM.attributes
                0x0000031d       0x37 Drivers\STM32H7xx_HAL_Driver\Src\stm32h7xx_hal_tim.o
 .ARM.attributes
                0x00000354       0x37 Drivers\STM32H7xx_HAL_Driver\Src\stm32h7xx_hal_tim_ex.o
 .ARM.attributes
                0x0000038b       0x37 Drivers\STM32H7xx_HAL_Driver\Src\stm32h7xx_hal_uart.o
 .ARM.attributes
                0x000003c2       0x37 Drivers\STM32H7xx_HAL_Driver\Src\stm32h7xx_hal_uart_ex.o
 .ARM.attributes
                0x000003f9       0x37 Drivers\STM32H7xx_HAL_Driver\Src\stm32h7xx_ll_usb.o
 .ARM.attributes
                0x00000430       0x37 Src\main.o
 .ARM.attributes
                0x00000467       0x37 Src\stm32h7xx_hal_msp.o
 .ARM.attributes
                0x0000049e       0x37 Src\stm32h7xx_it.o
 .ARM.attributes
                0x000004d5       0x37 Src\system_stm32h7xx.o
 .ARM.attributes
                0x0000050c       0x21 startup\startup_stm32h743xx.o
 .ARM.attributes
                0x0000052d       0x32 c:/program files (x86)/atollic/truestudio for stm32 9.2.0/armtools/bin/../lib/gcc/arm-atollic-eabi/6.3.1/../../../../arm-atollic-eabi/lib/armv7e-m/fpu/fpv5-d16\libc_nano.a(lib_a-atoi.o)
 .ARM.attributes
                0x0000055f       0x32 c:/program files (x86)/atollic/truestudio for stm32 9.2.0/armtools/bin/../lib/gcc/arm-atollic-eabi/6.3.1/../../../../arm-atollic-eabi/lib/armv7e-m/fpu/fpv5-d16\libc_nano.a(lib_a-init.o)
 .ARM.attributes
                0x00000591       0x32 c:/program files (x86)/atollic/truestudio for stm32 9.2.0/armtools/bin/../lib/gcc/arm-atollic-eabi/6.3.1/../../../../arm-atollic-eabi/lib/armv7e-m/fpu/fpv5-d16\libc_nano.a(lib_a-memset.o)
 .ARM.attributes
                0x000005c3       0x32 c:/program files (x86)/atollic/truestudio for stm32 9.2.0/armtools/bin/../lib/gcc/arm-atollic-eabi/6.3.1/../../../../arm-atollic-eabi/lib/armv7e-m/fpu/fpv5-d16\libc_nano.a(lib_a-strcpy.o)
 .ARM.attributes
                0x000005f5       0x32 c:/program files (x86)/atollic/truestudio for stm32 9.2.0/armtools/bin/../lib/gcc/arm-atollic-eabi/6.3.1/../../../../arm-atollic-eabi/lib/armv7e-m/fpu/fpv5-d16\libc_nano.a(lib_a-strtol.o)
 .ARM.attributes
                0x00000627       0x32 c:/program files (x86)/atollic/truestudio for stm32 9.2.0/armtools/bin/../lib/gcc/arm-atollic-eabi/6.3.1/../../../../arm-atollic-eabi/lib/armv7e-m/fpu/fpv5-d16\libc_nano.a(lib_a-impure.o)
 .ARM.attributes
                0x00000659       0x32 c:/program files (x86)/atollic/truestudio for stm32 9.2.0/armtools/bin/../lib/gcc/arm-atollic-eabi/6.3.1/../../../../arm-atollic-eabi/lib/armv7e-m/fpu/fpv5-d16\libc_nano.a(lib_a-locale.o)
 .ARM.attributes
                0x0000068b       0x32 c:/program files (x86)/atollic/truestudio for stm32 9.2.0/armtools/bin/../lib/gcc/arm-atollic-eabi/6.3.1/../../../../arm-atollic-eabi/lib/armv7e-m/fpu/fpv5-d16\libc_nano.a(lib_a-mbtowc_r.o)
 .ARM.attributes
                0x000006bd       0x32 c:/program files (x86)/atollic/truestudio for stm32 9.2.0/armtools/bin/../lib/gcc/arm-atollic-eabi/6.3.1/../../../../arm-atollic-eabi/lib/armv7e-m/fpu/fpv5-d16\libc_nano.a(lib_a-wctomb_r.o)
 .ARM.attributes
                0x000006ef       0x32 c:/program files (x86)/atollic/truestudio for stm32 9.2.0/armtools/bin/../lib/gcc/arm-atollic-eabi/6.3.1/../../../../arm-atollic-eabi/lib/armv7e-m/fpu/fpv5-d16\libc_nano.a(lib_a-ctype_.o)
 .ARM.attributes
                0x00000721       0x20 c:/program files (x86)/atollic/truestudio for stm32 9.2.0/armtools/bin/../lib/gcc/arm-atollic-eabi/6.3.1/armv7e-m/fpu/fpv5-d16\libgcc.a(_aeabi_uldivmod.o)
 .ARM.attributes
                0x00000741       0x32 c:/program files (x86)/atollic/truestudio for stm32 9.2.0/armtools/bin/../lib/gcc/arm-atollic-eabi/6.3.1/armv7e-m/fpu/fpv5-d16\libgcc.a(_udivmoddi4.o)
 .ARM.attributes
                0x00000773       0x20 c:/program files (x86)/atollic/truestudio for stm32 9.2.0/armtools/bin/../lib/gcc/arm-atollic-eabi/6.3.1/armv7e-m/fpu/fpv5-d16\libgcc.a(_dvmd_tls.o)
 .ARM.attributes
                0x00000793       0x20 c:/program files (x86)/atollic/truestudio for stm32 9.2.0/armtools/bin/../lib/gcc/arm-atollic-eabi/6.3.1/armv7e-m/fpu/fpv5-d16/crtn.o
OUTPUT(H7_Boat.elf elf32-littlearm)

.debug_info     0x00000000    0x2809e
 .debug_info    0x00000000     0x1c58 Drivers\STM32H7xx_HAL_Driver\Src\stm32h7xx_hal.o
 .debug_info    0x00001c58     0x1f0e Drivers\STM32H7xx_HAL_Driver\Src\stm32h7xx_hal_adc.o
 .debug_info    0x00003b66     0x1e7a Drivers\STM32H7xx_HAL_Driver\Src\stm32h7xx_hal_adc_ex.o
 .debug_info    0x000059e0     0x194a Drivers\STM32H7xx_HAL_Driver\Src\stm32h7xx_hal_cortex.o
 .debug_info    0x0000732a     0x1387 Drivers\STM32H7xx_HAL_Driver\Src\stm32h7xx_hal_dac.o
 .debug_info    0x000086b1     0x1279 Drivers\STM32H7xx_HAL_Driver\Src\stm32h7xx_hal_dac_ex.o
 .debug_info    0x0000992a     0x1376 Drivers\STM32H7xx_HAL_Driver\Src\stm32h7xx_hal_dma.o
 .debug_info    0x0000aca0     0x2fac Drivers\STM32H7xx_HAL_Driver\Src\stm32h7xx_hal_fdcan.o
 .debug_info    0x0000dc4c     0x147a Drivers\STM32H7xx_HAL_Driver\Src\stm32h7xx_hal_gpio.o
 .debug_info    0x0000f0c6     0x182e Drivers\STM32H7xx_HAL_Driver\Src\stm32h7xx_hal_pcd.o
 .debug_info    0x000108f4     0x11e0 Drivers\STM32H7xx_HAL_Driver\Src\stm32h7xx_hal_pcd_ex.o
 .debug_info    0x00011ad4     0x18eb Drivers\STM32H7xx_HAL_Driver\Src\stm32h7xx_hal_rcc.o
 .debug_info    0x000133bf     0x1bb5 Drivers\STM32H7xx_HAL_Driver\Src\stm32h7xx_hal_rcc_ex.o
 .debug_info    0x00014f74     0x2c2c Drivers\STM32H7xx_HAL_Driver\Src\stm32h7xx_hal_tim.o
 .debug_info    0x00017ba0     0x1b22 Drivers\STM32H7xx_HAL_Driver\Src\stm32h7xx_hal_tim_ex.o
 .debug_info    0x000196c2     0x20e3 Drivers\STM32H7xx_HAL_Driver\Src\stm32h7xx_hal_uart.o
 .debug_info    0x0001b7a5     0x11bf Drivers\STM32H7xx_HAL_Driver\Src\stm32h7xx_hal_uart_ex.o
 .debug_info    0x0001c964     0x1cf0 Drivers\STM32H7xx_HAL_Driver\Src\stm32h7xx_ll_usb.o
 .debug_info    0x0001e654     0x36f3 Src\main.o
 .debug_info    0x00021d47     0x307d Src\stm32h7xx_hal_msp.o
 .debug_info    0x00024dc4     0x20ef Src\stm32h7xx_it.o
 .debug_info    0x00026eb3     0x1172 Src\system_stm32h7xx.o
 .debug_info    0x00028025       0x79 startup\startup_stm32h743xx.o

.debug_abbrev   0x00000000     0x3ac1
 .debug_abbrev  0x00000000      0x323 Drivers\STM32H7xx_HAL_Driver\Src\stm32h7xx_hal.o
 .debug_abbrev  0x00000323      0x27e Drivers\STM32H7xx_HAL_Driver\Src\stm32h7xx_hal_adc.o
 .debug_abbrev  0x000005a1      0x2d8 Drivers\STM32H7xx_HAL_Driver\Src\stm32h7xx_hal_adc_ex.o
 .debug_abbrev  0x00000879      0x38b Drivers\STM32H7xx_HAL_Driver\Src\stm32h7xx_hal_cortex.o
 .debug_abbrev  0x00000c04      0x259 Drivers\STM32H7xx_HAL_Driver\Src\stm32h7xx_hal_dac.o
 .debug_abbrev  0x00000e5d      0x29b Drivers\STM32H7xx_HAL_Driver\Src\stm32h7xx_hal_dac_ex.o
 .debug_abbrev  0x000010f8      0x268 Drivers\STM32H7xx_HAL_Driver\Src\stm32h7xx_hal_dma.o
 .debug_abbrev  0x00001360      0x2ee Drivers\STM32H7xx_HAL_Driver\Src\stm32h7xx_hal_fdcan.o
 .debug_abbrev  0x0000164e      0x277 Drivers\STM32H7xx_HAL_Driver\Src\stm32h7xx_hal_gpio.o
 .debug_abbrev  0x000018c5      0x2de Drivers\STM32H7xx_HAL_Driver\Src\stm32h7xx_hal_pcd.o
 .debug_abbrev  0x00001ba3      0x28e Drivers\STM32H7xx_HAL_Driver\Src\stm32h7xx_hal_pcd_ex.o
 .debug_abbrev  0x00001e31      0x2fc Drivers\STM32H7xx_HAL_Driver\Src\stm32h7xx_hal_rcc.o
 .debug_abbrev  0x0000212d      0x2f9 Drivers\STM32H7xx_HAL_Driver\Src\stm32h7xx_hal_rcc_ex.o
 .debug_abbrev  0x00002426      0x2ab Drivers\STM32H7xx_HAL_Driver\Src\stm32h7xx_hal_tim.o
 .debug_abbrev  0x000026d1      0x288 Drivers\STM32H7xx_HAL_Driver\Src\stm32h7xx_hal_tim_ex.o
 .debug_abbrev  0x00002959      0x2d0 Drivers\STM32H7xx_HAL_Driver\Src\stm32h7xx_hal_uart.o
 .debug_abbrev  0x00002c29      0x24e Drivers\STM32H7xx_HAL_Driver\Src\stm32h7xx_hal_uart_ex.o
 .debug_abbrev  0x00002e77      0x2c8 Drivers\STM32H7xx_HAL_Driver\Src\stm32h7xx_ll_usb.o
 .debug_abbrev  0x0000313f      0x2d9 Src\main.o
 .debug_abbrev  0x00003418      0x262 Src\stm32h7xx_hal_msp.o
 .debug_abbrev  0x0000367a      0x207 Src\stm32h7xx_it.o
 .debug_abbrev  0x00003881      0x22e Src\system_stm32h7xx.o
 .debug_abbrev  0x00003aaf       0x12 startup\startup_stm32h743xx.o

.debug_aranges  0x00000000     0x17b0
 .debug_aranges
                0x00000000      0x1a0 Drivers\STM32H7xx_HAL_Driver\Src\stm32h7xx_hal.o
 .debug_aranges
                0x000001a0       0xf8 Drivers\STM32H7xx_HAL_Driver\Src\stm32h7xx_hal_adc.o
 .debug_aranges
                0x00000298      0x100 Drivers\STM32H7xx_HAL_Driver\Src\stm32h7xx_hal_adc_ex.o
 .debug_aranges
                0x00000398      0x120 Drivers\STM32H7xx_HAL_Driver\Src\stm32h7xx_hal_cortex.o
 .debug_aranges
                0x000004b8       0xc0 Drivers\STM32H7xx_HAL_Driver\Src\stm32h7xx_hal_dac.o
 .debug_aranges
                0x00000578       0x88 Drivers\STM32H7xx_HAL_Driver\Src\stm32h7xx_hal_dac_ex.o
 .debug_aranges
                0x00000600       0xa0 Drivers\STM32H7xx_HAL_Driver\Src\stm32h7xx_hal_dma.o
 .debug_aranges
                0x000006a0      0x308 Drivers\STM32H7xx_HAL_Driver\Src\stm32h7xx_hal_fdcan.o
 .debug_aranges
                0x000009a8       0x58 Drivers\STM32H7xx_HAL_Driver\Src\stm32h7xx_hal_gpio.o
 .debug_aranges
                0x00000a00      0x120 Drivers\STM32H7xx_HAL_Driver\Src\stm32h7xx_hal_pcd.o
 .debug_aranges
                0x00000b20       0x60 Drivers\STM32H7xx_HAL_Driver\Src\stm32h7xx_hal_pcd_ex.o
 .debug_aranges
                0x00000b80       0x80 Drivers\STM32H7xx_HAL_Driver\Src\stm32h7xx_hal_rcc.o
 .debug_aranges
                0x00000c00       0xe0 Drivers\STM32H7xx_HAL_Driver\Src\stm32h7xx_hal_rcc_ex.o
 .debug_aranges
                0x00000ce0      0x378 Drivers\STM32H7xx_HAL_Driver\Src\stm32h7xx_hal_tim.o
 .debug_aranges
                0x00001058      0x158 Drivers\STM32H7xx_HAL_Driver\Src\stm32h7xx_hal_tim_ex.o
 .debug_aranges
                0x000011b0      0x1e8 Drivers\STM32H7xx_HAL_Driver\Src\stm32h7xx_hal_uart.o
 .debug_aranges
                0x00001398       0x50 Drivers\STM32H7xx_HAL_Driver\Src\stm32h7xx_hal_uart_ex.o
 .debug_aranges
                0x000013e8      0x180 Drivers\STM32H7xx_HAL_Driver\Src\stm32h7xx_ll_usb.o
 .debug_aranges
                0x00001568       0xb8 Src\main.o
 .debug_aranges
                0x00001620       0x88 Src\stm32h7xx_hal_msp.o
 .debug_aranges
                0x000016a8       0xb8 Src\stm32h7xx_it.o
 .debug_aranges
                0x00001760       0x28 Src\system_stm32h7xx.o
 .debug_aranges
                0x00001788       0x28 startup\startup_stm32h743xx.o

.debug_ranges   0x00000000     0x1648
 .debug_ranges  0x00000000      0x190 Drivers\STM32H7xx_HAL_Driver\Src\stm32h7xx_hal.o
 .debug_ranges  0x00000190       0xe8 Drivers\STM32H7xx_HAL_Driver\Src\stm32h7xx_hal_adc.o
 .debug_ranges  0x00000278       0xf0 Drivers\STM32H7xx_HAL_Driver\Src\stm32h7xx_hal_adc_ex.o
 .debug_ranges  0x00000368      0x110 Drivers\STM32H7xx_HAL_Driver\Src\stm32h7xx_hal_cortex.o
 .debug_ranges  0x00000478       0xb0 Drivers\STM32H7xx_HAL_Driver\Src\stm32h7xx_hal_dac.o
 .debug_ranges  0x00000528       0x78 Drivers\STM32H7xx_HAL_Driver\Src\stm32h7xx_hal_dac_ex.o
 .debug_ranges  0x000005a0       0x90 Drivers\STM32H7xx_HAL_Driver\Src\stm32h7xx_hal_dma.o
 .debug_ranges  0x00000630      0x2f8 Drivers\STM32H7xx_HAL_Driver\Src\stm32h7xx_hal_fdcan.o
 .debug_ranges  0x00000928       0x48 Drivers\STM32H7xx_HAL_Driver\Src\stm32h7xx_hal_gpio.o
 .debug_ranges  0x00000970      0x110 Drivers\STM32H7xx_HAL_Driver\Src\stm32h7xx_hal_pcd.o
 .debug_ranges  0x00000a80       0x50 Drivers\STM32H7xx_HAL_Driver\Src\stm32h7xx_hal_pcd_ex.o
 .debug_ranges  0x00000ad0       0x70 Drivers\STM32H7xx_HAL_Driver\Src\stm32h7xx_hal_rcc.o
 .debug_ranges  0x00000b40       0xd0 Drivers\STM32H7xx_HAL_Driver\Src\stm32h7xx_hal_rcc_ex.o
 .debug_ranges  0x00000c10      0x368 Drivers\STM32H7xx_HAL_Driver\Src\stm32h7xx_hal_tim.o
 .debug_ranges  0x00000f78      0x148 Drivers\STM32H7xx_HAL_Driver\Src\stm32h7xx_hal_tim_ex.o
 .debug_ranges  0x000010c0      0x1d8 Drivers\STM32H7xx_HAL_Driver\Src\stm32h7xx_hal_uart.o
 .debug_ranges  0x00001298       0x40 Drivers\STM32H7xx_HAL_Driver\Src\stm32h7xx_hal_uart_ex.o
 .debug_ranges  0x000012d8      0x170 Drivers\STM32H7xx_HAL_Driver\Src\stm32h7xx_ll_usb.o
 .debug_ranges  0x00001448       0xa8 Src\main.o
 .debug_ranges  0x000014f0       0x78 Src\stm32h7xx_hal_msp.o
 .debug_ranges  0x00001568       0xa8 Src\stm32h7xx_it.o
 .debug_ranges  0x00001610       0x18 Src\system_stm32h7xx.o
 .debug_ranges  0x00001628       0x20 startup\startup_stm32h743xx.o

.debug_line     0x00000000     0xbbaf
 .debug_line    0x00000000      0x6a8 Drivers\STM32H7xx_HAL_Driver\Src\stm32h7xx_hal.o
 .debug_line    0x000006a8      0xe8f Drivers\STM32H7xx_HAL_Driver\Src\stm32h7xx_hal_adc.o
 .debug_line    0x00001537      0xc7b Drivers\STM32H7xx_HAL_Driver\Src\stm32h7xx_hal_adc_ex.o
 .debug_line    0x000021b2      0x603 Drivers\STM32H7xx_HAL_Driver\Src\stm32h7xx_hal_cortex.o
 .debug_line    0x000027b5      0x536 Drivers\STM32H7xx_HAL_Driver\Src\stm32h7xx_hal_dac.o
 .debug_line    0x00002ceb      0x4a9 Drivers\STM32H7xx_HAL_Driver\Src\stm32h7xx_hal_dac_ex.o
 .debug_line    0x00003194      0x967 Drivers\STM32H7xx_HAL_Driver\Src\stm32h7xx_hal_dma.o
 .debug_line    0x00003afb      0xf14 Drivers\STM32H7xx_HAL_Driver\Src\stm32h7xx_hal_fdcan.o
 .debug_line    0x00004a0f      0x4da Drivers\STM32H7xx_HAL_Driver\Src\stm32h7xx_hal_gpio.o
 .debug_line    0x00004ee9      0x828 Drivers\STM32H7xx_HAL_Driver\Src\stm32h7xx_hal_pcd.o
 .debug_line    0x00005711      0x3e2 Drivers\STM32H7xx_HAL_Driver\Src\stm32h7xx_hal_pcd_ex.o
 .debug_line    0x00005af3      0x6d0 Drivers\STM32H7xx_HAL_Driver\Src\stm32h7xx_hal_rcc.o
 .debug_line    0x000061c3      0x9d1 Drivers\STM32H7xx_HAL_Driver\Src\stm32h7xx_hal_rcc_ex.o
 .debug_line    0x00006b94     0x1603 Drivers\STM32H7xx_HAL_Driver\Src\stm32h7xx_hal_tim.o
 .debug_line    0x00008197      0x984 Drivers\STM32H7xx_HAL_Driver\Src\stm32h7xx_hal_tim_ex.o
 .debug_line    0x00008b1b      0xe58 Drivers\STM32H7xx_HAL_Driver\Src\stm32h7xx_hal_uart.o
 .debug_line    0x00009973      0x411 Drivers\STM32H7xx_HAL_Driver\Src\stm32h7xx_hal_uart_ex.o
 .debug_line    0x00009d84      0x927 Drivers\STM32H7xx_HAL_Driver\Src\stm32h7xx_ll_usb.o
 .debug_line    0x0000a6ab      0x7d7 Src\main.o
 .debug_line    0x0000ae82      0x53a Src\stm32h7xx_hal_msp.o
 .debug_line    0x0000b3bc      0x48e Src\stm32h7xx_it.o
 .debug_line    0x0000b84a      0x2e6 Src\system_stm32h7xx.o
 .debug_line    0x0000bb30       0x7f startup\startup_stm32h743xx.o

.debug_str      0x00000000     0x929d
 .debug_str     0x00000000     0x17f7 Drivers\STM32H7xx_HAL_Driver\Src\stm32h7xx_hal.o
                               0x18fb (size before relaxing)
 .debug_str     0x000017f7      0x921 Drivers\STM32H7xx_HAL_Driver\Src\stm32h7xx_hal_adc.o
                               0x1167 (size before relaxing)
 .debug_str     0x00002118      0x64e Drivers\STM32H7xx_HAL_Driver\Src\stm32h7xx_hal_adc_ex.o
                               0x1394 (size before relaxing)
 .debug_str     0x00002766      0x591 Drivers\STM32H7xx_HAL_Driver\Src\stm32h7xx_hal_cortex.o
                               0x14cb (size before relaxing)
 .debug_str     0x00002cf7      0x3ee Drivers\STM32H7xx_HAL_Driver\Src\stm32h7xx_hal_dac.o
                                0xdc6 (size before relaxing)
 .debug_str     0x000030e5      0x1e8 Drivers\STM32H7xx_HAL_Driver\Src\stm32h7xx_hal_dac_ex.o
                                0xdb7 (size before relaxing)
 .debug_str     0x000032cd      0x3e9 Drivers\STM32H7xx_HAL_Driver\Src\stm32h7xx_hal_dma.o
                                0xdb2 (size before relaxing)
 .debug_str     0x000036b6     0x1866 Drivers\STM32H7xx_HAL_Driver\Src\stm32h7xx_hal_fdcan.o
                               0x20cc (size before relaxing)
 .debug_str     0x00004f1c      0x188 Drivers\STM32H7xx_HAL_Driver\Src\stm32h7xx_hal_gpio.o
                                0xb76 (size before relaxing)
 .debug_str     0x000050a4      0x861 Drivers\STM32H7xx_HAL_Driver\Src\stm32h7xx_hal_pcd.o
                                0xf47 (size before relaxing)
 .debug_str     0x00005905      0x1dc Drivers\STM32H7xx_HAL_Driver\Src\stm32h7xx_hal_pcd_ex.o
                                0xd25 (size before relaxing)
 .debug_str     0x00005ae1      0x48a Drivers\STM32H7xx_HAL_Driver\Src\stm32h7xx_hal_rcc.o
                                0xdd9 (size before relaxing)
 .debug_str     0x00005f6b      0x8b6 Drivers\STM32H7xx_HAL_Driver\Src\stm32h7xx_hal_rcc_ex.o
                               0x121c (size before relaxing)
 .debug_str     0x00006821      0xf36 Drivers\STM32H7xx_HAL_Driver\Src\stm32h7xx_hal_tim.o
                               0x197a (size before relaxing)
 .debug_str     0x00007757      0x671 Drivers\STM32H7xx_HAL_Driver\Src\stm32h7xx_hal_tim_ex.o
                               0x137a (size before relaxing)
 .debug_str     0x00007dc8      0x996 Drivers\STM32H7xx_HAL_Driver\Src\stm32h7xx_hal_uart.o
                               0x1679 (size before relaxing)
 .debug_str     0x0000875e      0x160 Drivers\STM32H7xx_HAL_Driver\Src\stm32h7xx_hal_uart_ex.o
                                0xde8 (size before relaxing)
 .debug_str     0x000088be      0x5c5 Drivers\STM32H7xx_HAL_Driver\Src\stm32h7xx_ll_usb.o
                               0x1073 (size before relaxing)
 .debug_str     0x00008e83      0x225 Src\main.o
                               0x2743 (size before relaxing)
 .debug_str     0x000090a8       0x39 Src\stm32h7xx_hal_msp.o
                               0x256b (size before relaxing)
 .debug_str     0x000090e1      0x181 Src\stm32h7xx_it.o
                               0x1836 (size before relaxing)
 .debug_str     0x00009262       0x3b Src\system_stm32h7xx.o
                                0x9fd (size before relaxing)

.comment        0x00000000       0x7c
 .comment       0x00000000       0x7c Drivers\STM32H7xx_HAL_Driver\Src\stm32h7xx_hal.o
                                 0x7d (size before relaxing)
 .comment       0x0000007c       0x7d Drivers\STM32H7xx_HAL_Driver\Src\stm32h7xx_hal_adc.o
 .comment       0x0000007c       0x7d Drivers\STM32H7xx_HAL_Driver\Src\stm32h7xx_hal_adc_ex.o
 .comment       0x0000007c       0x7d Drivers\STM32H7xx_HAL_Driver\Src\stm32h7xx_hal_cortex.o
 .comment       0x0000007c       0x7d Drivers\STM32H7xx_HAL_Driver\Src\stm32h7xx_hal_dac.o
 .comment       0x0000007c       0x7d Drivers\STM32H7xx_HAL_Driver\Src\stm32h7xx_hal_dac_ex.o
 .comment       0x0000007c       0x7d Drivers\STM32H7xx_HAL_Driver\Src\stm32h7xx_hal_dma.o
 .comment       0x0000007c       0x7d Drivers\STM32H7xx_HAL_Driver\Src\stm32h7xx_hal_fdcan.o
 .comment       0x0000007c       0x7d Drivers\STM32H7xx_HAL_Driver\Src\stm32h7xx_hal_gpio.o
 .comment       0x0000007c       0x7d Drivers\STM32H7xx_HAL_Driver\Src\stm32h7xx_hal_pcd.o
 .comment       0x0000007c       0x7d Drivers\STM32H7xx_HAL_Driver\Src\stm32h7xx_hal_pcd_ex.o
 .comment       0x0000007c       0x7d Drivers\STM32H7xx_HAL_Driver\Src\stm32h7xx_hal_rcc.o
 .comment       0x0000007c       0x7d Drivers\STM32H7xx_HAL_Driver\Src\stm32h7xx_hal_rcc_ex.o
 .comment       0x0000007c       0x7d Drivers\STM32H7xx_HAL_Driver\Src\stm32h7xx_hal_tim.o
 .comment       0x0000007c       0x7d Drivers\STM32H7xx_HAL_Driver\Src\stm32h7xx_hal_tim_ex.o
 .comment       0x0000007c       0x7d Drivers\STM32H7xx_HAL_Driver\Src\stm32h7xx_hal_uart.o
 .comment       0x0000007c       0x7d Drivers\STM32H7xx_HAL_Driver\Src\stm32h7xx_hal_uart_ex.o
 .comment       0x0000007c       0x7d Drivers\STM32H7xx_HAL_Driver\Src\stm32h7xx_ll_usb.o
 .comment       0x0000007c       0x7d Src\main.o
 .comment       0x0000007c       0x7d Src\stm32h7xx_hal_msp.o
 .comment       0x0000007c       0x7d Src\stm32h7xx_it.o
 .comment       0x0000007c       0x7d Src\system_stm32h7xx.o

.debug_frame    0x00000000     0x68d0
 .debug_frame   0x00000000      0x6a8 Drivers\STM32H7xx_HAL_Driver\Src\stm32h7xx_hal.o
 .debug_frame   0x000006a8      0x444 Drivers\STM32H7xx_HAL_Driver\Src\stm32h7xx_hal_adc.o
 .debug_frame   0x00000aec      0x474 Drivers\STM32H7xx_HAL_Driver\Src\stm32h7xx_hal_adc_ex.o
 .debug_frame   0x00000f60      0x4b8 Drivers\STM32H7xx_HAL_Driver\Src\stm32h7xx_hal_cortex.o
 .debug_frame   0x00001418      0x334 Drivers\STM32H7xx_HAL_Driver\Src\stm32h7xx_hal_dac.o
 .debug_frame   0x0000174c      0x230 Drivers\STM32H7xx_HAL_Driver\Src\stm32h7xx_hal_dac_ex.o
 .debug_frame   0x0000197c      0x2a4 Drivers\STM32H7xx_HAL_Driver\Src\stm32h7xx_hal_dma.o
 .debug_frame   0x00001c20      0xeac Drivers\STM32H7xx_HAL_Driver\Src\stm32h7xx_hal_fdcan.o
 .debug_frame   0x00002acc      0x14c Drivers\STM32H7xx_HAL_Driver\Src\stm32h7xx_hal_gpio.o
 .debug_frame   0x00002c18      0x508 Drivers\STM32H7xx_HAL_Driver\Src\stm32h7xx_hal_pcd.o
 .debug_frame   0x00003120      0x174 Drivers\STM32H7xx_HAL_Driver\Src\stm32h7xx_hal_pcd_ex.o
 .debug_frame   0x00003294      0x1e4 Drivers\STM32H7xx_HAL_Driver\Src\stm32h7xx_hal_rcc.o
 .debug_frame   0x00003478      0x3ac Drivers\STM32H7xx_HAL_Driver\Src\stm32h7xx_hal_rcc_ex.o
 .debug_frame   0x00003824     0x1008 Drivers\STM32H7xx_HAL_Driver\Src\stm32h7xx_hal_tim.o
 .debug_frame   0x0000482c      0x5ec Drivers\STM32H7xx_HAL_Driver\Src\stm32h7xx_hal_tim_ex.o
 .debug_frame   0x00004e18      0x8b8 Drivers\STM32H7xx_HAL_Driver\Src\stm32h7xx_hal_uart.o
 .debug_frame   0x000056d0      0x120 Drivers\STM32H7xx_HAL_Driver\Src\stm32h7xx_hal_uart_ex.o
 .debug_frame   0x000057f0      0x718 Drivers\STM32H7xx_HAL_Driver\Src\stm32h7xx_ll_usb.o
 .debug_frame   0x00005f08      0x2b4 Src\main.o
 .debug_frame   0x000061bc      0x20c Src\stm32h7xx_hal_msp.o
 .debug_frame   0x000063c8      0x240 Src\stm32h7xx_it.o
 .debug_frame   0x00006608       0x58 Src\system_stm32h7xx.o
 .debug_frame   0x00006660       0x30 c:/program files (x86)/atollic/truestudio for stm32 9.2.0/armtools/bin/../lib/gcc/arm-atollic-eabi/6.3.1/../../../../arm-atollic-eabi/lib/armv7e-m/fpu/fpv5-d16\libc_nano.a(lib_a-atoi.o)
 .debug_frame   0x00006690       0x2c c:/program files (x86)/atollic/truestudio for stm32 9.2.0/armtools/bin/../lib/gcc/arm-atollic-eabi/6.3.1/../../../../arm-atollic-eabi/lib/armv7e-m/fpu/fpv5-d16\libc_nano.a(lib_a-init.o)
 .debug_frame   0x000066bc       0x20 c:/program files (x86)/atollic/truestudio for stm32 9.2.0/armtools/bin/../lib/gcc/arm-atollic-eabi/6.3.1/../../../../arm-atollic-eabi/lib/armv7e-m/fpu/fpv5-d16\libc_nano.a(lib_a-memset.o)
 .debug_frame   0x000066dc       0x20 c:/program files (x86)/atollic/truestudio for stm32 9.2.0/armtools/bin/../lib/gcc/arm-atollic-eabi/6.3.1/../../../../arm-atollic-eabi/lib/armv7e-m/fpu/fpv5-d16\libc_nano.a(lib_a-strcpy.o)
 .debug_frame   0x000066fc       0x88 c:/program files (x86)/atollic/truestudio for stm32 9.2.0/armtools/bin/../lib/gcc/arm-atollic-eabi/6.3.1/../../../../arm-atollic-eabi/lib/armv7e-m/fpu/fpv5-d16\libc_nano.a(lib_a-strtol.o)
 .debug_frame   0x00006784       0x68 c:/program files (x86)/atollic/truestudio for stm32 9.2.0/armtools/bin/../lib/gcc/arm-atollic-eabi/6.3.1/../../../../arm-atollic-eabi/lib/armv7e-m/fpu/fpv5-d16\libc_nano.a(lib_a-locale.o)
 .debug_frame   0x000067ec       0x48 c:/program files (x86)/atollic/truestudio for stm32 9.2.0/armtools/bin/../lib/gcc/arm-atollic-eabi/6.3.1/../../../../arm-atollic-eabi/lib/armv7e-m/fpu/fpv5-d16\libc_nano.a(lib_a-mbtowc_r.o)
 .debug_frame   0x00006834       0x3c c:/program files (x86)/atollic/truestudio for stm32 9.2.0/armtools/bin/../lib/gcc/arm-atollic-eabi/6.3.1/../../../../arm-atollic-eabi/lib/armv7e-m/fpu/fpv5-d16\libc_nano.a(lib_a-wctomb_r.o)
 .debug_frame   0x00006870       0x2c c:/program files (x86)/atollic/truestudio for stm32 9.2.0/armtools/bin/../lib/gcc/arm-atollic-eabi/6.3.1/armv7e-m/fpu/fpv5-d16\libgcc.a(_aeabi_uldivmod.o)
 .debug_frame   0x0000689c       0x34 c:/program files (x86)/atollic/truestudio for stm32 9.2.0/armtools/bin/../lib/gcc/arm-atollic-eabi/6.3.1/armv7e-m/fpu/fpv5-d16\libgcc.a(_udivmoddi4.o)
